Component: ARM Compiler 5.06 (build 20) Tool: armlink [4d35a3]

==============================================================================

Section Cross References

    main.o(i.init_HCLK) refers to clk.o(i.CLK_EnableXtalRC) for CLK_EnableXtalRC
    main.o(i.init_HCLK) refers to clk.o(i.CLK_WaitClockReady) for CLK_WaitClockReady
    main.o(i.init_HCLK) refers to clk.o(i.CLK_SetHCLK) for CLK_SetHCLK
    main.o(i.main) refers to port.o(i.vPortEnterCritical) for vPortEnterCritical
    main.o(i.main) refers to main.o(i.init_HCLK) for init_HCLK
    main.o(i.main) refers to aeabi_sdiv.o(.text) for __aeabi_uidivmod
    main.o(i.main) refers to main.o(i.NVIC_SetPriority) for NVIC_SetPriority
    main.o(i.main) refers to osuart.o(i.init_UART0) for init_UART0
    main.o(i.main) refers to osuart.o(i.uart0Send) for uart0Send
    main.o(i.main) refers to osuart.o(i.osUartInit) for osUartInit
    main.o(i.main) refers to main.o(i.osMessageInit) for osMessageInit
    main.o(i.main) refers to timers.o(i.xTimerCreate) for xTimerCreate
    main.o(i.main) refers to tasks.o(i.xTaskCreate) for xTaskCreate
    main.o(i.main) refers to port.o(i.vPortExitCritical) for vPortExitCritical
    main.o(i.main) refers to tasks.o(i.xTaskGetTickCount) for xTaskGetTickCount
    main.o(i.main) refers to timers.o(i.xTimerGenericCommand) for xTimerGenericCommand
    main.o(i.main) refers to tasks.o(i.vTaskStartScheduler) for vTaskStartScheduler
    main.o(i.main) refers to system_nano100series.o(.data) for SystemCoreClock
    main.o(i.main) refers to main.o(i.stateCheckTimerCb) for stateCheckTimerCb
    main.o(i.main) refers to main.o(.data) for stateCheckTimerHandle
    main.o(i.main) refers to main.o(i.mainTask) for mainTask
    main.o(i.mainTask) refers to queue.o(i.xQueueReceive) for xQueueReceive
    main.o(i.mainTask) refers to osuart.o(i.uart0Send) for uart0Send
    main.o(i.mainTask) refers to noretval__2printf.o(.text) for __2printf
    main.o(i.mainTask) refers to osutility.o(i.osFree) for osFree
    main.o(i.mainTask) refers to port.o(i.vPortYield) for vPortYield
    main.o(i.mainTask) refers to main.o(.data) for osMessageQueue
    main.o(i.osMessageInit) refers to queue.o(i.xQueueGenericCreate) for xQueueGenericCreate
    main.o(i.osMessageInit) refers to main.o(.data) for osMessageQueue
    main.o(i.osMessageSend) refers to queue.o(i.xQueueGenericSend) for xQueueGenericSend
    main.o(i.osMessageSend) refers to main.o(.data) for osMessageQueue
    main.o(i.stateCheckTimerCb) refers to osuart.o(i.uart0Send) for uart0Send
    main.o(i.stateCheckTimerCb) refers to main.o(.data) for count
    osuart.o(i.UART0_IRQHandler) refers to fifo.o(i.FifoPush) for FifoPush
    osuart.o(i.UART0_IRQHandler) refers to queue.o(i.xQueueGiveFromISR) for xQueueGiveFromISR
    osuart.o(i.UART0_IRQHandler) refers to osuart.o(.bss) for fifoBuffer
    osuart.o(i.UART0_IRQHandler) refers to osuart.o(.data) for xHigherPriorityTaskWoken
    osuart.o(i.init_UART0) refers to osuart.o(i.SYS_UnlockReg) for SYS_UnlockReg
    osuart.o(i.init_UART0) refers to clk.o(i.CLK_EnableModuleClock) for CLK_EnableModuleClock
    osuart.o(i.init_UART0) refers to clk.o(i.CLK_SetModuleClock) for CLK_SetModuleClock
    osuart.o(i.init_UART0) refers to uart.o(i.UART_Open) for UART_Open
    osuart.o(i.init_UART0) refers to osuart.o(i.NVIC_EnableIRQ) for NVIC_EnableIRQ
    osuart.o(i.init_UART1) refers to osuart.o(i.SYS_UnlockReg) for SYS_UnlockReg
    osuart.o(i.init_UART1) refers to clk.o(i.CLK_EnableModuleClock) for CLK_EnableModuleClock
    osuart.o(i.init_UART1) refers to clk.o(i.CLK_SetModuleClock) for CLK_SetModuleClock
    osuart.o(i.init_UART1) refers to uart.o(i.UART_Open) for UART_Open
    osuart.o(i.init_UART1) refers to osuart.o(i.NVIC_EnableIRQ) for NVIC_EnableIRQ
    osuart.o(i.osUartInit) refers to fifo.o(i.FifoInit) for FifoInit
    osuart.o(i.osUartInit) refers to queue.o(i.xQueueCreateCountingSemaphore) for xQueueCreateCountingSemaphore
    osuart.o(i.osUartInit) refers to tasks.o(i.xTaskCreate) for xTaskCreate
    osuart.o(i.osUartInit) refers to timers.o(i.xTimerCreate) for xTimerCreate
    osuart.o(i.osUartInit) refers to osuart.o(.bss) for uartFifoBuffer
    osuart.o(i.osUartInit) refers to osuart.o(.data) for uartSem
    osuart.o(i.osUartInit) refers to osuart.o(i.uartTask) for uartTask
    osuart.o(i.osUartInit) refers to osuart.o(i.uartTimerCb) for uartTimerCb
    osuart.o(i.uartParser) refers to fifo.o(i.FifoCount) for FifoCount
    osuart.o(i.uartParser) refers to fifo.o(i.FifoPrePop) for FifoPrePop
    osuart.o(i.uartParser) refers to fifo.o(i.FifoPop) for FifoPop
    osuart.o(i.uartParser) refers to fifo.o(i.FifoFlush) for FifoFlush
    osuart.o(i.uartParser) refers to fifo.o(i.IsFifoEmpty) for IsFifoEmpty
    osuart.o(i.uartParser) refers to osutility.o(i.osMalloc) for osMalloc
    osuart.o(i.uartParser) refers to rt_memcpy.o(.text) for __aeabi_memcpy
    osuart.o(i.uartParser) refers to main.o(i.osMessageSend) for osMessageSend
[...]
    ../clib/angel/sys.s                      0x00000000   Number         0  libspace.o ABSOLUTE
    ../clib/angel/sys.s                      0x00000000   Number         0  tempstk.o ABSOLUTE
    ../clib/angel/sys.s                      0x00000000   Number         0  sys_stackheap_outer.o ABSOLUTE
    ../clib/angel/sys.s                      0x00000000   Number         0  indicate_semi.o ABSOLUTE
    ../clib/angel/sysapp.c                   0x00000000   Number         0  sys_command.o ABSOLUTE
    ../clib/angel/sysapp.c                   0x00000000   Number         0  sys_exit.o ABSOLUTE
    ../clib/armsys.c                         0x00000000   Number         0  no_argv.o ABSOLUTE
    ../clib/armsys.c                         0x00000000   Number         0  _get_argv_nomalloc.o ABSOLUTE
    ../clib/armsys.c                         0x00000000   Number         0  argv_veneer.o ABSOLUTE
    ../clib/division.c                       0x00000000   Number         0  lludiv.o ABSOLUTE
    ../clib/division.c                       0x00000000   Number         0  llsdiv.o ABSOLUTE
    ../clib/division.s                       0x00000000   Number         0  aeabi_sdiv_div0.o ABSOLUTE
    ../clib/division.s                       0x00000000   Number         0  aeabi_sdiv.o ABSOLUTE
    ../clib/heapalloc.c                      0x00000000   Number         0  hrguard.o ABSOLUTE
    ../clib/heapaux.c                        0x00000000   Number         0  heapauxi.o ABSOLUTE
    ../clib/libinit.s                        0x00000000   Number         0  libinit.o ABSOLUTE
    ../clib/libinit.s                        0x00000000   Number         0  libshutdown.o ABSOLUTE
    ../clib/libinit.s                        0x00000000   Number         0  libshutdown2.o ABSOLUTE
    ../clib/libinit.s                        0x00000000   Number         0  libinit2.o ABSOLUTE
    ../clib/memcpset.c                       0x00000000   Number         0  rt_memclr.o ABSOLUTE
    ../clib/memcpset.c                       0x00000000   Number         0  rt_memcpy.o ABSOLUTE
    ../clib/memcpset.c                       0x00000000   Number         0  rt_memcpy.o ABSOLUTE
    ../clib/memcpset.c                       0x00000000   Number         0  memset.o ABSOLUTE
    ../clib/memcpset.c                       0x00000000   Number         0  aeabi_memset.o ABSOLUTE
    ../clib/misc.s                           0x00000000   Number         0  printf_stubs.o ABSOLUTE
    ../clib/printf.c                         0x00000000   Number         0  _printf_hex_ll.o ABSOLUTE
    ../clib/printf.c                         0x00000000   Number         0  _printf_hex_int.o ABSOLUTE
    ../clib/printf.c                         0x00000000   Number         0  _printf_hex_int_ll.o ABSOLUTE
    ../clib/printf.c                         0x00000000   Number         0  _printf_hex_ptr.o ABSOLUTE
    ../clib/printf.c                         0x00000000   Number         0  _printf_hex_int_ptr.o ABSOLUTE
    ../clib/printf.c                         0x00000000   Number         0  _printf_hex_int_ll_ptr.o ABSOLUTE
    ../clib/printf.c                         0x00000000   Number         0  __printf_flags.o ABSOLUTE
    ../clib/printf.c                         0x00000000   Number         0  __printf_ss.o ABSOLUTE
    ../clib/printf.c                         0x00000000   Number         0  __printf_flags_ss.o ABSOLUTE
    ../clib/printf.c                         0x00000000   Number         0  __printf_wp.o ABSOLUTE
    ../clib/printf.c                         0x00000000   Number         0  __printf_flags_wp.o ABSOLUTE
    ../clib/printf.c                         0x00000000   Number         0  __printf_flags_ss_wp.o ABSOLUTE
    ../clib/printf.c                         0x00000000   Number         0  _printf_hex_ll_ptr.o ABSOLUTE
    ../clib/printf.c                         0x00000000   Number         0  _printf_intcommon.o ABSOLUTE
    ../clib/printf.c                         0x00000000   Number         0  __printf_nopercent.o ABSOLUTE
    ../clib/printf.c                         0x00000000   Number         0  _printf_char_file.o ABSOLUTE
    ../clib/printf.c                         0x00000000   Number         0  _printf_char_common.o ABSOLUTE
    ../clib/printf.c                         0x00000000   Number         0  noretval__2printf.o ABSOLUTE
    ../clib/printf.c                         0x00000000   Number         0  __2printf.o ABSOLUTE
    ../clib/printf.c                         0x00000000   Number         0  __printf_ss_wp.o ABSOLUTE
    ../clib/printf.c                         0x00000000   Number         0  __printf.o ABSOLUTE
    ../clib/printf_percent.s                 0x00000000   Number         0  _printf_x.o ABSOLUTE
    ../clib/printf_percent.s                 0x00000000   Number         0  _printf_percent.o ABSOLUTE
    ../clib/printf_percent.s                 0x00000000   Number         0  _printf_percent_end.o ABSOLUTE
    ../clib/signal.c                         0x00000000   Number         0  defsig_rtmem_inner.o ABSOLUTE
    ../clib/signal.c                         0x00000000   Number         0  defsig_other.o ABSOLUTE
    ../clib/signal.c                         0x00000000   Number         0  defsig_abrt_inner.o ABSOLUTE
    ../clib/signal.c                         0x00000000   Number         0  defsig_rtred_inner.o ABSOLUTE
    ../clib/signal.c                         0x00000000   Number         0  defsig_rtmem_outer.o ABSOLUTE
    ../clib/signal.c                         0x00000000   Number         0  defsig_rtmem_formal.o ABSOLUTE
    ../clib/signal.c                         0x00000000   Number         0  defsig_stak_inner.o ABSOLUTE
    ../clib/signal.c                         0x00000000   Number         0  defsig_pvfn_inner.o ABSOLUTE
    ../clib/signal.c                         0x00000000   Number         0  defsig_fpe_inner.o ABSOLUTE
    ../clib/signal.c                         0x00000000   Number         0  __raise.o ABSOLUTE
    ../clib/signal.c                         0x00000000   Number         0  defsig_cppl_inner.o ABSOLUTE
    ../clib/signal.c                         0x00000000   Number         0  defsig_segv_inner.o ABSOLUTE
    ../clib/signal.c                         0x00000000   Number         0  defsig_exit.o ABSOLUTE
    ../clib/signal.c                         0x00000000   Number         0  defsig_fpe_formal.o ABSOLUTE
    ../clib/signal.c                         0x00000000   Number         0  defsig_general.o ABSOLUTE
    ../clib/signal.c                         0x00000000   Number         0  defsig_fpe_outer.o ABSOLUTE
    ../clib/signal.s                         0x00000000   Number         0  defsig.o ABSOLUTE
    ../clib/stdlib.c                         0x00000000   Number         0  exit.o ABSOLUTE
    ../fplib/cfplib/fpinit.c                 0x00000000   Number         0  fpinit.o ABSOLUTE
    C:\Keil_v5\ARM\PACK\Nuvoton\NuMicro_DFP\1.0.7\Device\NANO100BN\Driver\clk.c 0x00000000   Number         0  clk.o ABSOLUTE
    C:\Keil_v5\ARM\PACK\Nuvoton\NuMicro_DFP\1.0.7\Device\NANO100BN\Driver\gpio.c 0x00000000   Number         0  gpio.o ABSOLUTE
    C:\Keil_v5\ARM\PACK\Nuvoton\NuMicro_DFP\1.0.7\Device\NANO100BN\Driver\sys.c 0x00000000   Number         0  sys.o ABSOLUTE
    C:\Keil_v5\ARM\PACK\Nuvoton\NuMicro_DFP\1.0.7\Device\NANO100BN\Driver\timer.c 0x00000000   Number         0  timer.o ABSOLUTE
    C:\Keil_v5\ARM\PACK\Nuvoton\NuMicro_DFP\1.0.7\Device\NANO100BN\Driver\uart.c 0x00000000   Number         0  uart.o ABSOLUTE
    C:\Keil_v5\ARM\PACK\Nuvoton\NuMicro_DFP\1.0.7\Device\NANO100BN\Driver\wdt.c 0x00000000   Number         0  wdt.o ABSOLUTE
    C:\\Keil_v5\\ARM\\PACK\\Nuvoton\\NuMicro_DFP\\1.0.7\\Device\\NANO100BN\\Driver\\clk.c 0x00000000   Number         0  clk.o ABSOLUTE
    C:\\Keil_v5\\ARM\\PACK\\Nuvoton\\NuMicro_DFP\\1.0.7\\Device\\NANO100BN\\Driver\\gpio.c 0x00000000   Number         0  gpio.o ABSOLUTE
    C:\\Keil_v5\\ARM\\PACK\\Nuvoton\\NuMicro_DFP\\1.0.7\\Device\\NANO100BN\\Driver\\sys.c 0x00000000   Number         0  sys.o ABSOLUTE
    C:\\Keil_v5\\ARM\\PACK\\Nuvoton\\NuMicro_DFP\\1.0.7\\Device\\NANO100BN\\Driver\\timer.c 0x00000000   Number         0  timer.o ABSOLUTE
    C:\\Keil_v5\\ARM\\PACK\\Nuvoton\\NuMicro_DFP\\1.0.7\\Device\\NANO100BN\\Driver\\uart.c 0x00000000   Number         0  uart.o ABSOLUTE
    C:\\Keil_v5\\ARM\\PACK\\Nuvoton\\NuMicro_DFP\\1.0.7\\Device\\NANO100BN\\Driver\\wdt.c 0x00000000   Number         0  wdt.o ABSOLUTE
    FreeRTOS\\port\\RVDS\\ARM_CM0\\port.c    0x00000000   Number         0  port.o ABSOLUTE
    FreeRTOS\port\MemMang\heap_4.c           0x00000000   Number         0  heap_4.o ABSOLUTE
    FreeRTOS\port\RVDS\ARM_CM0\port.c        0x00000000   Number         0  port.o ABSOLUTE
    FreeRTOS\src\croutine.c                  0x00000000   Number         0  croutine.o ABSOLUTE
    FreeRTOS\src\event_groups.c              0x00000000   Number         0  event_groups.o ABSOLUTE
    FreeRTOS\src\list.c                      0x00000000   Number         0  list.o ABSOLUTE
    FreeRTOS\src\queue.c                     0x00000000   Number         0  queue.o ABSOLUTE
    FreeRTOS\src\stream_buffer.c             0x00000000   Number         0  stream_buffer.o ABSOLUTE
    FreeRTOS\src\tasks.c                     0x00000000   Number         0  tasks.o ABSOLUTE
    FreeRTOS\src\timers.c                    0x00000000   Number         0  timers.o ABSOLUTE
    RTE\Device\NANO100KE3BN\retarget.c       0x00000000   Number         0  retarget.o ABSOLUTE
    RTE\Device\NANO100KE3BN\startup_Nano100Series.s 0x00000000   Number         0  startup_nano100series.o ABSOLUTE
    RTE\Device\NANO100KE3BN\system_Nano100Series.c 0x00000000   Number         0  system_nano100series.o ABSOLUTE
    RTE\\Device\\NANO100KE3BN\\retarget.c    0x00000000   Number         0  retarget.o ABSOLUTE
    RTE\\Device\\NANO100KE3BN\\system_Nano100Series.c 0x00000000   Number         0  system_nano100series.o ABSOLUTE
    dc.s                                     0x00000000   Number         0  dc.o ABSOLUTE
    src\\main.c                              0x00000000   Number         0  main.o ABSOLUTE
    src\\osUart.c                            0x00000000   Number         0  osuart.o ABSOLUTE
    src\\osUtility.c                         0x00000000   Number         0  osutility.o ABSOLUTE
    src\fifo.c                               0x00000000   Number         0  fifo.o ABSOLUTE
    src\main.c                               0x00000000   Number         0  main.o ABSOLUTE
    src\osUart.c                             0x00000000   Number         0  osuart.o ABSOLUTE
    src\osUtility.c                          0x00000000   Number         0  osutility.o ABSOLUTE
    !!!main                                  0x000000c0   Section        8  __main.o(!!!main)
    !!!scatter                               0x000000c8   Section       60  __scatter.o(!!!scatter)
    !!handler_copy                           0x00000104   Section       26  __scatter_copy.o(!!handler_copy)
    !!handler_zi                             0x00000120   Section       28  __scatter_zi.o(!!handler_zi)
    .ARM.Collect$$_printf_percent$$00000000  0x0000013c   Section        2  _printf_percent.o(.ARM.Collect$$_printf_percent$$00000000)
    .ARM.Collect$$_printf_percent$$0000000C  0x0000013e   Section       10  _printf_x.o(.ARM.Collect$$_printf_percent$$0000000C)
    .ARM.Collect$$_printf_percent$$00000017  0x00000148   Section        4  _printf_percent_end.o(.ARM.Collect$$_printf_percent$$00000017)
    .ARM.Collect$$libinit$$00000000          0x0000014c   Section        2  libinit.o(.ARM.Collect$$libinit$$00000000)
    .ARM.Collect$$libinit$$00000002          0x0000014e   Section        0  libinit2.o(.ARM.Collect$$libinit$$00000002)
    .ARM.Collect$$libinit$$00000004          0x0000014e   Section        0  libinit2.o(.ARM.Collect$$libinit$$00000004)
    .ARM.Collect$$libinit$$0000000A          0x0000014e   Section        0  libinit2.o(.ARM.Collect$$libinit$$0000000A)
    .ARM.Collect$$libinit$$0000000C          0x0000014e   Section        0  libinit2.o(.ARM.Collect$$libinit$$0000000C)
    .ARM.Collect$$libinit$$0000000E          0x0000014e   Section        0  libinit2.o(.ARM.Collect$$libinit$$0000000E)
    .ARM.Collect$$libinit$$00000011          0x0000014e   Section        0  libinit2.o(.ARM.Collect$$libinit$$00000011)
    .ARM.Collect$$libinit$$00000013          0x0000014e   Section        0  libinit2.o(.ARM.Collect$$libinit$$00000013)
    .ARM.Collect$$libinit$$00000015          0x0000014e   Section        0  libinit2.o(.ARM.Collect$$libinit$$00000015)
    .ARM.Collect$$libinit$$00000017          0x0000014e   Section        0  libinit2.o(.ARM.Collect$$libinit$$00000017)
    .ARM.Collect$$libinit$$00000019          0x0000014e   Section        0  libinit2.o(.ARM.Collect$$libinit$$00000019)
    .ARM.Collect$$libinit$$0000001B          0x0000014e   Section        0  libinit2.o(.ARM.Collect$$libinit$$0000001B)
    .ARM.Collect$$libinit$$0000001D          0x0000014e   Section        0  libinit2.o(.ARM.Collect$$libinit$$0000001D)
    .ARM.Collect$$libinit$$0000001F          0x0000014e   Section        0  libinit2.o(.ARM.Collect$$libinit$$0000001F)
    .ARM.Collect$$libinit$$00000021          0x0000014e   Section        0  libinit2.o(.ARM.Collect$$libinit$$00000021)
    .ARM.Collect$$libinit$$00000023          0x0000014e   Section        0  libinit2.o(.ARM.Collect$$libinit$$00000023)
    .ARM.Collect$$libinit$$00000025          0x0000014e   Section        0  libinit2.o(.ARM.Collect$$libinit$$00000025)
    .ARM.Collect$$libinit$$0000002C          0x0000014e   Section        0  libinit2.o(.ARM.Collect$$libinit$$0000002C)
    .ARM.Collect$$libinit$$0000002E          0x0000014e   Section        0  libinit2.o(.ARM.Collect$$libinit$$0000002E)
    .ARM.Collect$$libinit$$00000030          0x0000014e   Section        0  libinit2.o(.ARM.Collect$$libinit$$00000030)
    .ARM.Collect$$libinit$$00000032          0x0000014e   Section        0  libinit2.o(.ARM.Collect$$libinit$$00000032)
    .ARM.Collect$$libinit$$00000033          0x0000014e   Section        2  libinit2.o(.ARM.Collect$$libinit$$00000033)
    .ARM.Collect$$libshutdown$$00000000      0x00000150   Section        2  libshutdown.o(.ARM.Collect$$libshutdown$$00000000)
    .ARM.Collect$$libshutdown$$00000002      0x00000152   Section        0  libshutdown2.o(.ARM.Collect$$libshutdown$$00000002)
    .ARM.Collect$$libshutdown$$00000004      0x00000152   Section        0  libshutdown2.o(.ARM.Collect$$libshutdown$$00000004)
    .ARM.Collect$$libshutdown$$00000007      0x00000152   Section        0  libshutdown2.o(.ARM.Collect$$libshutdown$$00000007)
    .ARM.Collect$$libshutdown$$0000000A      0x00000152   Section        0  libshutdown2.o(.ARM.Collect$$libshutdown$$0000000A)
    .ARM.Collect$$libshutdown$$0000000C      0x00000152   Section        0  libshutdown2.o(.ARM.Collect$$libshutdown$$0000000C)
    .ARM.Collect$$libshutdown$$0000000F      0x00000152   Section        0  libshutdown2.o(.ARM.Collect$$libshutdown$$0000000F)
    .ARM.Collect$$libshutdown$$00000010      0x00000152   Section        2  libshutdown2.o(.ARM.Collect$$libshutdown$$00000010)
    .ARM.Collect$$rtentry$$00000000          0x00000154   Section        0  __rtentry.o(.ARM.Collect$$rtentry$$00000000)
    .ARM.Collect$$rtentry$$00000002          0x00000154   Section        0  __rtentry2.o(.ARM.Collect$$rtentry$$00000002)
    .ARM.Collect$$rtentry$$00000004          0x00000154   Section        6  __rtentry4.o(.ARM.Collect$$rtentry$$00000004)
    .ARM.Collect$$rtentry$$00000009          0x0000015a   Section        0  __rtentry2.o(.ARM.Collect$$rtentry$$00000009)
    .ARM.Collect$$rtentry$$0000000A          0x0000015a   Section        4  __rtentry2.o(.ARM.Collect$$rtentry$$0000000A)
    .ARM.Collect$$rtentry$$0000000C          0x0000015e   Section        0  __rtentry2.o(.ARM.Collect$$rtentry$$0000000C)
    .ARM.Collect$$rtentry$$0000000D          0x0000015e   Section        8  __rtentry2.o(.ARM.Collect$$rtentry$$0000000D)
    .ARM.Collect$$rtexit$$00000000           0x00000166   Section        2  rtexit.o(.ARM.Collect$$rtexit$$00000000)
    .ARM.Collect$$rtexit$$00000002           0x00000168   Section        0  rtexit2.o(.ARM.Collect$$rtexit$$00000002)
    .ARM.Collect$$rtexit$$00000003           0x00000168   Section        4  rtexit2.o(.ARM.Collect$$rtexit$$00000003)
    .ARM.Collect$$rtexit$$00000004           0x0000016c   Section        6  rtexit2.o(.ARM.Collect$$rtexit$$00000004)
    .emb_text                                0x00000174   Section      120  port.o(.emb_text)
    .emb_text                                0x000001ec   Section       28  retarget.o(.emb_text)
    .emb_text                                0x00000208   Section       56  rt_memcpy.o(.emb_text)
    .text                                    0x00000240   Section       96  startup_nano100series.o(.text)
    .text                                    0x000002a0   Section        0  noretval__2printf.o(.text)
    .text                                    0x000002bc   Section        0  _printf_hex_int.o(.text)
    .text                                    0x00000314   Section        0  __printf_wp.o(.text)
    .text                                    0x00000422   Section        0  rt_memcpy.o(.text)
    .text                                    0x000004a4   Section        0  aeabi_memset.o(.text)
    .text                                    0x000004b6   Section        0  rt_memclr.o(.text)
    .text                                    0x000004f6   Section      346  aeabi_sdiv.o(.text)
    .text                                    0x00000650   Section        0  heapauxi.o(.text)
    .text                                    0x00000656   Section        0  _printf_intcommon.o(.text)
    .text                                    0x00000708   Section        0  _printf_char_file.o(.text)
    .text                                    0x00000730   Section        0  _printf_char_common.o(.text)
    _printf_input_char                       0x00000731   Thumb Code    10  _printf_char_common.o(.text)
    .text                                    0x00000760   Section       62  sys_stackheap_outer.o(.text)
    .text                                    0x0000079e   Section        0  exit.o(.text)
    .text                                    0x000007b0   Section        8  libspace.o(.text)
    .text                                    0x000007b8   Section        0  sys_exit.o(.text)
    .text                                    0x000007c4   Section        2  use_no_semi.o(.text)
    .text                                    0x000007c6   Section        0  indicate_semi.o(.text)
    i.CLK_EnableModuleClock                  0x000007c8   Section        0  clk.o(i.CLK_EnableModuleClock)
    i.CLK_EnableXtalRC                       0x000007ec   Section        0  clk.o(i.CLK_EnableXtalRC)
    i.CLK_SetHCLK                            0x00000838   Section        0  clk.o(i.CLK_SetHCLK)
    i.CLK_SetModuleClock                     0x0000089c   Section        0  clk.o(i.CLK_SetModuleClock)
    i.CLK_WaitClockReady                     0x00000900   Section        0  clk.o(i.CLK_WaitClockReady)
    i.FifoCount                              0x00000928   Section        0  fifo.o(i.FifoCount)
    i.FifoFlush                              0x0000093e   Section        0  fifo.o(i.FifoFlush)
    i.FifoInit                               0x00000946   Section        0  fifo.o(i.FifoInit)
    i.FifoNext                               0x00000952   Section        0  fifo.o(i.FifoNext)
    FifoNext                                 0x00000953   Thumb Code    18  fifo.o(i.FifoNext)
    i.FifoPop                                0x00000964   Section        0  fifo.o(i.FifoPop)
    i.FifoPrePop                             0x00000982   Section        0  fifo.o(i.FifoPrePop)
    i.FifoPush                               0x0000099c   Section        0  fifo.o(i.FifoPush)
    i.Hard_Fault_Handler                     0x000009b4   Section        0  retarget.o(i.Hard_Fault_Handler)
    __tagsym$$used                           0x000009b5   Number         0  retarget.o(i.Hard_Fault_Handler)
    i.IsFifoEmpty                            0x000009e0   Section        0  fifo.o(i.IsFifoEmpty)
    i.IsFifoFull                             0x000009f2   Section        0  fifo.o(i.IsFifoFull)
    i.NVIC_EnableIRQ                         0x00000a0c   Section        0  osuart.o(i.NVIC_EnableIRQ)
    NVIC_EnableIRQ                           0x00000a0d   Thumb Code    14  osuart.o(i.NVIC_EnableIRQ)
    i.NVIC_SetPriority                       0x00000a20   Section        0  main.o(i.NVIC_SetPriority)
    NVIC_SetPriority                         0x00000a21   Thumb Code   110  main.o(i.NVIC_SetPriority)
    i.SVC_Handler                            0x00000a98   Section        0  port.o(i.SVC_Handler)
    i.SYS_UnlockReg                          0x00000a9c   Section        0  osuart.o(i.SYS_UnlockReg)
    SYS_UnlockReg                            0x00000a9d   Thumb Code    26  osuart.o(i.SYS_UnlockReg)
    i.SendChar                               0x00000abc   Section        0  retarget.o(i.SendChar)
    i.SendChar_ToUART                        0x00000ac8   Section        0  retarget.o(i.SendChar_ToUART)
    i.SysGet_HCLKFreq                        0x00000afc   Section        0  system_nano100series.o(i.SysGet_HCLKFreq)
    i.SysGet_PLLClockFreq                    0x00000b4c   Section        0  system_nano100series.o(i.SysGet_PLLClockFreq)
    i.SysTick_Handler                        0x00000bcc   Section        0  port.o(i.SysTick_Handler)
    i.SystemCoreClockUpdate                  0x00000bf0   Section        0  system_nano100series.o(i.SystemCoreClockUpdate)
    i.UART0_IRQHandler                       0x00000c1c   Section        0  osuart.o(i.UART0_IRQHandler)
    i.UART1_IRQHandler                       0x00000c48   Section        0  osuart.o(i.UART1_IRQHandler)
    i.UART_Open                              0x00000c58   Section        0  uart.o(i.UART_Open)
    i.__ARM_common_switch8                   0x00000cf8   Section        0  tasks.o(i.__ARM_common_switch8)
    i._is_digit                              0x00000d14   Section        0  __printf_wp.o(i._is_digit)
    i.ferror                                 0x00000d22   Section        0  retarget.o(i.ferror)
    i.fputc                                  0x00000d2a   Section        0  retarget.o(i.fputc)
    i.init_HCLK                              0x00000d3c   Section        0  main.o(i.init_HCLK)
    init_HCLK                                0x00000d3d   Thumb Code    60  main.o(i.init_HCLK)
    i.init_UART0                             0x00000d7c   Section        0  osuart.o(i.init_UART0)
    i.main                                   0x00000de8   Section        0  main.o(i.main)
    i.mainTask                               0x00000ed4   Section        0  main.o(i.mainTask)
    mainTask                                 0x00000ed5   Thumb Code   110  main.o(i.mainTask)
    i.osFree                                 0x00000f60   Section        0  osutility.o(i.osFree)
    i.osMalloc                               0x00000f70   Section        0  osutility.o(i.osMalloc)
    i.osMessageInit                          0x00000f88   Section        0  main.o(i.osMessageInit)
    osMessageInit                            0x00000f89   Thumb Code    18  main.o(i.osMessageInit)
    i.osMessageSend                          0x00000fa0   Section        0  main.o(i.osMessageSend)
    i.osUartInit                             0x00000fb8   Section        0  osuart.o(i.osUartInit)
    i.prvAddCurrentTaskToDelayedList         0x00001038   Section        0  tasks.o(i.prvAddCurrentTaskToDelayedList)
    prvAddCurrentTaskToDelayedList           0x00001039   Thumb Code   140  tasks.o(i.prvAddCurrentTaskToDelayedList)
    i.prvAddNewTaskToReadyList               0x000010dc   Section        0  tasks.o(i.prvAddNewTaskToReadyList)
    prvAddNewTaskToReadyList                 0x000010dd   Thumb Code   190  tasks.o(i.prvAddNewTaskToReadyList)
    i.prvCheckForValidListAndQueue           0x000011b4   Section        0  timers.o(i.prvCheckForValidListAndQueue)
    prvCheckForValidListAndQueue             0x000011b5   Thumb Code    76  timers.o(i.prvCheckForValidListAndQueue)
    i.prvCheckTasksWaitingTermination        0x0000121c   Section        0  tasks.o(i.prvCheckTasksWaitingTermination)
    prvCheckTasksWaitingTermination          0x0000121d   Thumb Code    60  tasks.o(i.prvCheckTasksWaitingTermination)
    i.prvCopyDataFromQueue                   0x00001264   Section        0  queue.o(i.prvCopyDataFromQueue)
    prvCopyDataFromQueue                     0x00001265   Thumb Code    44  queue.o(i.prvCopyDataFromQueue)
    i.prvCopyDataToQueue                     0x00001290   Section        0  queue.o(i.prvCopyDataToQueue)
    prvCopyDataToQueue                       0x00001291   Thumb Code   128  queue.o(i.prvCopyDataToQueue)
    i.prvDeleteTCB                           0x00001310   Section        0  tasks.o(i.prvDeleteTCB)
    prvDeleteTCB                             0x00001311   Thumb Code    18  tasks.o(i.prvDeleteTCB)
    i.prvGetDisinheritPriorityAfterTimeout   0x00001322   Section        0  queue.o(i.prvGetDisinheritPriorityAfterTimeout)
    prvGetDisinheritPriorityAfterTimeout     0x00001323   Thumb Code    22  queue.o(i.prvGetDisinheritPriorityAfterTimeout)
    i.prvGetNextExpireTime                   0x00001338   Section        0  timers.o(i.prvGetNextExpireTime)
    prvGetNextExpireTime                     0x00001339   Thumb Code    40  timers.o(i.prvGetNextExpireTime)
    i.prvHeapInit                            0x00001364   Section        0  heap_4.o(i.prvHeapInit)
    prvHeapInit                              0x00001365   Thumb Code    98  heap_4.o(i.prvHeapInit)
    i.prvIdleTask                            0x000013e4   Section        0  tasks.o(i.prvIdleTask)
    prvIdleTask                              0x000013e5   Thumb Code    20  tasks.o(i.prvIdleTask)
    i.prvInitialiseNewQueue                  0x000013fc   Section        0  queue.o(i.prvInitialiseNewQueue)
    prvInitialiseNewQueue                    0x000013fd   Thumb Code    44  queue.o(i.prvInitialiseNewQueue)
    i.prvInitialiseNewTask                   0x00001428   Section        0  tasks.o(i.prvInitialiseNewTask)
    prvInitialiseNewTask                     0x00001429   Thumb Code   206  tasks.o(i.prvInitialiseNewTask)
    i.prvInitialiseNewTimer                  0x000014f6   Section        0  timers.o(i.prvInitialiseNewTimer)
    prvInitialiseNewTimer                    0x000014f7   Thumb Code    74  timers.o(i.prvInitialiseNewTimer)
    i.prvInitialiseTaskLists                 0x00001540   Section        0  tasks.o(i.prvInitialiseTaskLists)
    prvInitialiseTaskLists                   0x00001541   Thumb Code    68  tasks.o(i.prvInitialiseTaskLists)
    i.prvInsertBlockIntoFreeList             0x000015a4   Section        0  heap_4.o(i.prvInsertBlockIntoFreeList)
    prvInsertBlockIntoFreeList               0x000015a5   Thumb Code    96  heap_4.o(i.prvInsertBlockIntoFreeList)
    i.prvInsertTimerInActiveList             0x0000160c   Section        0  timers.o(i.prvInsertTimerInActiveList)
    prvInsertTimerInActiveList               0x0000160d   Thumb Code    76  timers.o(i.prvInsertTimerInActiveList)
    i.prvIsQueueEmpty                        0x00001660   Section        0  queue.o(i.prvIsQueueEmpty)
    prvIsQueueEmpty                          0x00001661   Thumb Code    28  queue.o(i.prvIsQueueEmpty)
    i.prvIsQueueFull                         0x0000167c   Section        0  queue.o(i.prvIsQueueFull)
    prvIsQueueFull                           0x0000167d   Thumb Code    30  queue.o(i.prvIsQueueFull)
    i.prvProcessExpiredTimer                 0x0000169c   Section        0  timers.o(i.prvProcessExpiredTimer)
    prvProcessExpiredTimer                   0x0000169d   Thumb Code    64  timers.o(i.prvProcessExpiredTimer)
    i.prvProcessReceivedCommands             0x000016e0   Section        0  timers.o(i.prvProcessReceivedCommands)
    prvProcessReceivedCommands               0x000016e1   Thumb Code   278  timers.o(i.prvProcessReceivedCommands)
    i.prvProcessTimerOrBlockTask             0x000017fc   Section        0  timers.o(i.prvProcessTimerOrBlockTask)
    prvProcessTimerOrBlockTask               0x000017fd   Thumb Code   100  timers.o(i.prvProcessTimerOrBlockTask)
    i.prvReloadTimer                         0x00001868   Section        0  timers.o(i.prvReloadTimer)
    prvReloadTimer                           0x00001869   Thumb Code    40  timers.o(i.prvReloadTimer)
    i.prvResetNextTaskUnblockTime            0x00001890   Section        0  tasks.o(i.prvResetNextTaskUnblockTime)
    prvResetNextTaskUnblockTime              0x00001891   Thumb Code    44  tasks.o(i.prvResetNextTaskUnblockTime)
    i.prvSampleTimeNow                       0x000018c4   Section        0  timers.o(i.prvSampleTimeNow)
    prvSampleTimeNow                         0x000018c5   Thumb Code    40  timers.o(i.prvSampleTimeNow)
    i.prvSwitchTimerLists                    0x000018f0   Section        0  timers.o(i.prvSwitchTimerLists)
    prvSwitchTimerLists                      0x000018f1   Thumb Code    60  timers.o(i.prvSwitchTimerLists)
    i.prvTaskExitError                       0x00001934   Section        0  port.o(i.prvTaskExitError)
    prvTaskExitError                         0x00001935   Thumb Code    32  port.o(i.prvTaskExitError)
    i.prvTimerTask                           0x00001958   Section        0  timers.o(i.prvTimerTask)
    prvTimerTask                             0x00001959   Thumb Code    26  timers.o(i.prvTimerTask)
    i.prvUnlockQueue                         0x00001972   Section        0  queue.o(i.prvUnlockQueue)
    prvUnlockQueue                           0x00001973   Thumb Code   142  queue.o(i.prvUnlockQueue)
    i.pvPortMalloc                           0x00001a00   Section        0  heap_4.o(i.pvPortMalloc)
    i.pvTaskIncrementMutexHeldCount          0x00001b44   Section        0  tasks.o(i.pvTaskIncrementMutexHeldCount)
    i.pxPortInitialiseStack                  0x00001b64   Section        0  port.o(i.pxPortInitialiseStack)
    i.stackDump                              0x00001b84   Section        0  retarget.o(i.stackDump)
    i.stateCheckTimerCb                      0x00001c2c   Section        0  main.o(i.stateCheckTimerCb)
    stateCheckTimerCb                        0x00001c2d   Thumb Code    24  main.o(i.stateCheckTimerCb)
    i.uart0Send                              0x00001c48   Section        0  osuart.o(i.uart0Send)
    i.uartParser                             0x00001c68   Section        0  osuart.o(i.uartParser)
    uartParser                               0x00001c69   Thumb Code   362  osuart.o(i.uartParser)
    i.uartParserRun                          0x00001ddc   Section        0  osuart.o(i.uartParserRun)
    uartParserRun                            0x00001ddd   Thumb Code   136  osuart.o(i.uartParserRun)
    i.uartTask                               0x00001e6c   Section        0  osuart.o(i.uartTask)
    uartTask                                 0x00001e6d   Thumb Code    36  osuart.o(i.uartTask)
    i.uartTimerCb                            0x00001e98   Section        0  osuart.o(i.uartTimerCb)
    uartTimerCb                              0x00001e99   Thumb Code    54  osuart.o(i.uartTimerCb)
    i.uxListRemove                           0x00001ed4   Section        0  list.o(i.uxListRemove)
    i.vListInitialise                        0x00001efc   Section        0  list.o(i.vListInitialise)
    i.vListInitialiseItem                    0x00001f16   Section        0  list.o(i.vListInitialiseItem)
    i.vListInsert                            0x00001f1c   Section        0  list.o(i.vListInsert)
    i.vPortEnterCritical                     0x00001f54   Section        0  port.o(i.vPortEnterCritical)
    i.vPortExitCritical                      0x00001f70   Section        0  port.o(i.vPortExitCritical)
    i.vPortFree                              0x00001f98   Section        0  heap_4.o(i.vPortFree)
    i.vPortSetupTimerInterrupt               0x00002028   Section        0  port.o(i.vPortSetupTimerInterrupt)
    i.vPortYield                             0x00002054   Section        0  port.o(i.vPortYield)
    i.vQueueAddToRegistry                    0x0000206c   Section        0  queue.o(i.vQueueAddToRegistry)
    i.vQueueWaitForMessageRestricted         0x000020c0   Section        0  queue.o(i.vQueueWaitForMessageRestricted)
    i.vTaskInternalSetTimeOutState           0x0000210c   Section        0  tasks.o(i.vTaskInternalSetTimeOutState)
    i.vTaskMissedYield                       0x00002124   Section        0  tasks.o(i.vTaskMissedYield)
    i.vTaskPlaceOnEventList                  0x00002130   Section        0  tasks.o(i.vTaskPlaceOnEventList)
    i.vTaskPlaceOnEventListRestricted        0x0000215c   Section        0  tasks.o(i.vTaskPlaceOnEventListRestricted)
    i.vTaskPriorityDisinheritAfterTimeout    0x000021b4   Section        0  tasks.o(i.vTaskPriorityDisinheritAfterTimeout)
    i.vTaskStartScheduler                    0x00002294   Section        0  tasks.o(i.vTaskStartScheduler)
    i.vTaskSuspendAll                        0x00002314   Section        0  tasks.o(i.vTaskSuspendAll)
    i.vTaskSwitchContext                     0x00002324   Section        0  tasks.o(i.vTaskSwitchContext)
    i.xPortStartScheduler                    0x000023a4   Section        0  port.o(i.xPortStartScheduler)
    i.xQueueCreateCountingSemaphore          0x000023dc   Section        0  queue.o(i.xQueueCreateCountingSemaphore)
    i.xQueueGenericCreate                    0x0000240e   Section        0  queue.o(i.xQueueGenericCreate)
    i.xQueueGenericReset                     0x00002470   Section        0  queue.o(i.xQueueGenericReset)
    i.xQueueGenericSend                      0x00002526   Section        0  queue.o(i.xQueueGenericSend)
    i.xQueueGenericSendFromISR               0x00002680   Section        0  queue.o(i.xQueueGenericSendFromISR)
    i.xQueueGiveFromISR                      0x0000274a   Section        0  queue.o(i.xQueueGiveFromISR)
    i.xQueueReceive                          0x0000280a   Section        0  queue.o(i.xQueueReceive)
    i.xQueueSemaphoreTake                    0x00002942   Section        0  queue.o(i.xQueueSemaphoreTake)
    i.xTaskCheckForTimeOut                   0x00002ac0   Section        0  tasks.o(i.xTaskCheckForTimeOut)
    i.xTaskCreate                            0x00002b38   Section        0  tasks.o(i.xTaskCreate)
    i.xTaskGetSchedulerState                 0x00002b94   Section        0  tasks.o(i.xTaskGetSchedulerState)
    i.xTaskGetTickCount                      0x00002bb8   Section        0  tasks.o(i.xTaskGetTickCount)
    i.xTaskIncrementTick                     0x00002bc4   Section        0  tasks.o(i.xTaskIncrementTick)
    i.xTaskPriorityDisinherit                0x00002d6c   Section        0  tasks.o(i.xTaskPriorityDisinherit)
    i.xTaskPriorityInherit                   0x00002e20   Section        0  tasks.o(i.xTaskPriorityInherit)
    i.xTaskRemoveFromEventList               0x00002ef0   Section        0  tasks.o(i.xTaskRemoveFromEventList)
    i.xTaskResumeAll                         0x00002ff8   Section        0  tasks.o(i.xTaskResumeAll)
    i.xTimerCreate                           0x00003154   Section        0  timers.o(i.xTimerCreate)
    i.xTimerCreateTimerTask                  0x00003188   Section        0  timers.o(i.xTimerCreateTimerTask)
    i.xTimerGenericCommand                   0x000031d0   Section        0  timers.o(i.xTimerGenericCommand)
    .constdata                               0x00003244   Section       48  uart.o(.constdata)
    .constdata                               0x00003274   Section       40  _printf_hex_int.o(.constdata)
    uc_hextab                                0x00003274   Data          20  _printf_hex_int.o(.constdata)
    lc_hextab                                0x00003288   Data          20  _printf_hex_int.o(.constdata)
    .data                                    0x20000000   Section       10  main.o(.data)
    count                                    0x20000009   Data           1  main.o(.data)
    .data                                    0x2000000c   Section       16  osuart.o(.data)
    xHigherPriorityTaskWoken                 0x20000018   Data           4  osuart.o(.data)
    .data                                    0x2000001c   Section       64  tasks.o(.data)
    pxDelayedTaskList                        0x20000020   Data           4  tasks.o(.data)
    pxOverflowDelayedTaskList                0x20000024   Data           4  tasks.o(.data)
    uxDeletedTasksWaitingCleanUp             0x20000028   Data           4  tasks.o(.data)
    uxCurrentNumberOfTasks                   0x2000002c   Data           4  tasks.o(.data)
    xTickCount                               0x20000030   Data           4  tasks.o(.data)
    uxTopReadyPriority                       0x20000034   Data           4  tasks.o(.data)
    xSchedulerRunning                        0x20000038   Data           4  tasks.o(.data)
    xPendedTicks                             0x2000003c   Data           4  tasks.o(.data)
    xYieldPending                            0x20000040   Data           4  tasks.o(.data)
    xNumOfOverflows                          0x20000044   Data           4  tasks.o(.data)
    uxTaskNumber                             0x20000048   Data           4  tasks.o(.data)
    xNextTaskUnblockTime                     0x2000004c   Data           4  tasks.o(.data)
    xIdleTaskHandle                          0x20000050   Data           4  tasks.o(.data)
    uxSchedulerSuspended                     0x20000058   Data           4  tasks.o(.data)
    .data                                    0x2000005c   Section       20  timers.o(.data)
    pxCurrentTimerList                       0x2000005c   Data           4  timers.o(.data)
    pxOverflowTimerList                      0x20000060   Data           4  timers.o(.data)
    xTimerQueue                              0x20000064   Data           4  timers.o(.data)
    xTimerTaskHandle                         0x20000068   Data           4  timers.o(.data)
    xLastTime                                0x2000006c   Data           4  timers.o(.data)
    .data                                    0x20000070   Section        4  port.o(.data)
    uxCriticalNesting                        0x20000070   Data           4  port.o(.data)
    .data                                    0x20000074   Section       32  heap_4.o(.data)
    xStart                                   0x20000074   Data           8  heap_4.o(.data)
    pxEnd                                    0x2000007c   Data           4  heap_4.o(.data)
    xFreeBytesRemaining                      0x20000080   Data           4  heap_4.o(.data)
    xMinimumEverFreeBytesRemaining           0x20000084   Data           4  heap_4.o(.data)
    xNumberOfSuccessfulAllocations           0x20000088   Data           4  heap_4.o(.data)
    xNumberOfSuccessfulFrees                 0x2000008c   Data           4  heap_4.o(.data)
    xBlockAllocatedBit                       0x20000090   Data           4  heap_4.o(.data)
    .data                                    0x20000094   Section        8  retarget.o(.data)
    .data                                    0x2000009c   Section        8  system_nano100series.o(.data)
    .bss                                     0x200000a4   Section     1612  osuart.o(.bss)
    .bss                                     0x200006f0   Section       64  queue.o(.bss)
    .bss                                     0x20000730   Section      200  tasks.o(.bss)
    pxReadyTasksLists                        0x20000730   Data         100  tasks.o(.bss)
    xDelayedTaskList1                        0x20000794   Data          20  tasks.o(.bss)
    xDelayedTaskList2                        0x200007a8   Data          20  tasks.o(.bss)
    xPendingReadyList                        0x200007bc   Data          20  tasks.o(.bss)
    xTasksWaitingTermination                 0x200007d0   Data          20  tasks.o(.bss)
    xSuspendedTaskList                       0x200007e4   Data          20  tasks.o(.bss)
    .bss                                     0x200007f8   Section       40  timers.o(.bss)
    xActiveTimerList1                        0x200007f8   Data          20  timers.o(.bss)
    xActiveTimerList2                        0x2000080c   Data          20  timers.o(.bss)
    .bss                                     0x20000820   Section     6500  heap_4.o(.bss)
    ucHeap                                   0x20000820   Data        6500  heap_4.o(.bss)
    .bss                                     0x20002184   Section       96  libspace.o(.bss)
    HEAP                                     0x200021e8   Section     1280  startup_nano100series.o(HEAP)
    Heap_Mem                                 0x200021e8   Data        1280  startup_nano100series.o(HEAP)
    STACK                                    0x200026e8   Section     1280  startup_nano100series.o(STACK)
    Stack_Mem                                0x200026e8   Data        1280  startup_nano100series.o(STACK)
    __initial_sp                             0x20002be8   Data           0  startup_nano100series.o(STACK)

    Global Symbols

    Symbol Name                              Value     Ov Type        Size  Object(Section)

    BuildAttributes$$THM_ISAv3M$S$PE$A:L22$X:L11$S22$IEEE1$IW$USESV6$~STKCKD$USESV7$~SHL$OSPACE$ROPI$EBA8$UX$STANDARDLIB$REQ8$PRES8$EABIv2 0x00000000   Number         0  anon$$obj.o ABSOLUTE
    __ARM_use_no_argv                        0x00000000   Number         0  main.o ABSOLUTE
    __Vectors                                0x00000000   Data           4  startup_nano100series.o(RESET)
    _printf_flags                            0x00000000   Number         0  printf_stubs.o ABSOLUTE
    _printf_return_value                     0x00000000   Number         0  printf_stubs.o ABSOLUTE
    _printf_sizespec                         0x00000000   Number         0  printf_stubs.o ABSOLUTE
    _printf_widthprec                        0x00000000   Number         0  printf_stubs.o ABSOLUTE
    __ARM_exceptions_init                     - Undefined Weak Reference
    __alloca_initialize                       - Undefined Weak Reference
    __arm_preinit_                            - Undefined Weak Reference
    __cpp_initialize__aeabi_                  - Undefined Weak Reference
    __cxa_finalize                            - Undefined Weak Reference
    __rt_locale                               - Undefined Weak Reference
    __sigvec_lookup                           - Undefined Weak Reference
    _atexit_init                              - Undefined Weak Reference
    _call_atexit_fns                          - Undefined Weak Reference
    _clock_init                               - Undefined Weak Reference
    _fp_trap_init                             - Undefined Weak Reference
    _fp_trap_shutdown                         - Undefined Weak Reference
    _get_lc_collate                           - Undefined Weak Reference
    _get_lc_ctype                             - Undefined Weak Reference
    _get_lc_monetary                          - Undefined Weak Reference
    _get_lc_numeric                           - Undefined Weak Reference
    _get_lc_time                              - Undefined Weak Reference
    _getenv_init                              - Undefined Weak Reference
    _handle_redirection                       - Undefined Weak Reference
    _init_alloc                               - Undefined Weak Reference
    _init_user_alloc                          - Undefined Weak Reference
    _initio                                   - Undefined Weak Reference
    _printf_post_padding                      - Undefined Weak Reference
    _printf_pre_padding                       - Undefined Weak Reference
    _printf_truncate_unsigned                 - Undefined Weak Reference
    _rand_init                                - Undefined Weak Reference
    _signal_finish                            - Undefined Weak Reference
    _signal_init                              - Undefined Weak Reference
    _terminate_alloc                          - Undefined Weak Reference
    _terminate_user_alloc                     - Undefined Weak Reference
    _terminateio                              - Undefined Weak Reference
    __main                                   0x000000c1   Thumb Code     8  __main.o(!!!main)
    __scatterload                            0x000000c9   Thumb Code     0  __scatter.o(!!!scatter)
    __scatterload_rt2                        0x000000c9   Thumb Code    52  __scatter.o(!!!scatter)
    __scatterload_rt2_thumb_only             0x000000c9   Thumb Code     0  __scatter.o(!!!scatter)
    __scatterload_null                       0x000000d9   Thumb Code     0  __scatter.o(!!!scatter)
    __scatterload_copy                       0x00000105   Thumb Code    26  __scatter_copy.o(!!handler_copy)
    __scatterload_zeroinit                   0x00000121   Thumb Code    28  __scatter_zi.o(!!handler_zi)
    _printf_percent                          0x0000013d   Thumb Code     0  _printf_percent.o(.ARM.Collect$$_printf_percent$$00000000)
    _printf_x                                0x0000013f   Thumb Code     0  _printf_x.o(.ARM.Collect$$_printf_percent$$0000000C)
    _printf_percent_end                      0x00000149   Thumb Code     0  _printf_percent_end.o(.ARM.Collect$$_printf_percent$$00000017)
    __rt_lib_init                            0x0000014d   Thumb Code     0  libinit.o(.ARM.Collect$$libinit$$00000000)
    __rt_lib_init_alloca_1                   0x0000014f   Thumb Code     0  libinit2.o(.ARM.Collect$$libinit$$0000002E)
    __rt_lib_init_argv_1                     0x0000014f   Thumb Code     0  libinit2.o(.ARM.Collect$$libinit$$0000002C)
    __rt_lib_init_atexit_1                   0x0000014f   Thumb Code     0  libinit2.o(.ARM.Collect$$libinit$$0000001B)
    __rt_lib_init_clock_1                    0x0000014f   Thumb Code     0  libinit2.o(.ARM.Collect$$libinit$$00000021)
    __rt_lib_init_cpp_1                      0x0000014f   Thumb Code     0  libinit2.o(.ARM.Collect$$libinit$$00000032)
    __rt_lib_init_exceptions_1               0x0000014f   Thumb Code     0  libinit2.o(.ARM.Collect$$libinit$$00000030)
    __rt_lib_init_fp_1                       0x0000014f   Thumb Code     0  libinit2.o(.ARM.Collect$$libinit$$00000002)
    __rt_lib_init_fp_trap_1                  0x0000014f   Thumb Code     0  libinit2.o(.ARM.Collect$$libinit$$0000001F)
    __rt_lib_init_getenv_1                   0x0000014f   Thumb Code     0  libinit2.o(.ARM.Collect$$libinit$$00000023)
    __rt_lib_init_heap_1                     0x0000014f   Thumb Code     0  libinit2.o(.ARM.Collect$$libinit$$0000000A)
    __rt_lib_init_lc_collate_1               0x0000014f   Thumb Code     0  libinit2.o(.ARM.Collect$$libinit$$00000011)
    __rt_lib_init_lc_ctype_1                 0x0000014f   Thumb Code     0  libinit2.o(.ARM.Collect$$libinit$$00000013)
    __rt_lib_init_lc_monetary_1              0x0000014f   Thumb Code     0  libinit2.o(.ARM.Collect$$libinit$$00000015)
    __rt_lib_init_lc_numeric_1               0x0000014f   Thumb Code     0  libinit2.o(.ARM.Collect$$libinit$$00000017)
    __rt_lib_init_lc_time_1                  0x0000014f   Thumb Code     0  libinit2.o(.ARM.Collect$$libinit$$00000019)
    __rt_lib_init_preinit_1                  0x0000014f   Thumb Code     0  libinit2.o(.ARM.Collect$$libinit$$00000004)
    __rt_lib_init_rand_1                     0x0000014f   Thumb Code     0  libinit2.o(.ARM.Collect$$libinit$$0000000E)
    __rt_lib_init_return                     0x0000014f   Thumb Code     0  libinit2.o(.ARM.Collect$$libinit$$00000033)
    __rt_lib_init_signal_1                   0x0000014f   Thumb Code     0  libinit2.o(.ARM.Collect$$libinit$$0000001D)
    __rt_lib_init_stdio_1                    0x0000014f   Thumb Code     0  libinit2.o(.ARM.Collect$$libinit$$00000025)
    __rt_lib_init_user_alloc_1               0x0000014f   Thumb Code     0  libinit2.o(.ARM.Collect$$libinit$$0000000C)
    __rt_lib_shutdown                        0x00000151   Thumb Code     0  libshutdown.o(.ARM.Collect$$libshutdown$$00000000)
    __rt_lib_shutdown_cpp_1                  0x00000153   Thumb Code     0  libshutdown2.o(.ARM.Collect$$libshutdown$$00000002)
    __rt_lib_shutdown_fp_trap_1              0x00000153   Thumb Code     0  libshutdown2.o(.ARM.Collect$$libshutdown$$00000007)
    __rt_lib_shutdown_heap_1                 0x00000153   Thumb Code     0  libshutdown2.o(.ARM.Collect$$libshutdown$$0000000F)
    __rt_lib_shutdown_return                 0x00000153   Thumb Code     0  libshutdown2.o(.ARM.Collect$$libshutdown$$00000010)
    __rt_lib_shutdown_signal_1               0x00000153   Thumb Code     0  libshutdown2.o(.ARM.Collect$$libshutdown$$0000000A)
    __rt_lib_shutdown_stdio_1                0x00000153   Thumb Code     0  libshutdown2.o(.ARM.Collect$$libshutdown$$00000004)
    __rt_lib_shutdown_user_alloc_1           0x00000153   Thumb Code     0  libshutdown2.o(.ARM.Collect$$libshutdown$$0000000C)
    __rt_entry                               0x00000155   Thumb Code     0  __rtentry.o(.ARM.Collect$$rtentry$$00000000)
    __rt_entry_presh_1                       0x00000155   Thumb Code     0  __rtentry2.o(.ARM.Collect$$rtentry$$00000002)
    __rt_entry_sh                            0x00000155   Thumb Code     0  __rtentry4.o(.ARM.Collect$$rtentry$$00000004)
    __rt_entry_li                            0x0000015b   Thumb Code     0  __rtentry2.o(.ARM.Collect$$rtentry$$0000000A)
    __rt_entry_postsh_1                      0x0000015b   Thumb Code     0  __rtentry2.o(.ARM.Collect$$rtentry$$00000009)
    __rt_entry_main                          0x0000015f   Thumb Code     0  __rtentry2.o(.ARM.Collect$$rtentry$$0000000D)
    __rt_entry_postli_1                      0x0000015f   Thumb Code     0  __rtentry2.o(.ARM.Collect$$rtentry$$0000000C)
    __rt_exit                                0x00000167   Thumb Code     0  rtexit.o(.ARM.Collect$$rtexit$$00000000)
    __rt_exit_ls                             0x00000169   Thumb Code     0  rtexit2.o(.ARM.Collect$$rtexit$$00000003)
    __rt_exit_prels_1                        0x00000169   Thumb Code     0  rtexit2.o(.ARM.Collect$$rtexit$$00000002)
    __rt_exit_exit                           0x0000016d   Thumb Code     0  rtexit2.o(.ARM.Collect$$rtexit$$00000004)
    __asm___6_port_c_39a90d8d__prvPortStartFirstTask 0x00000175   Thumb Code    36  port.o(.emb_text)
    ulSetInterruptMaskFromISR                0x0000019d   Thumb Code     8  port.o(.emb_text)
    vClearInterruptMaskFromISR               0x000001a5   Thumb Code     6  port.o(.emb_text)
    PendSV_Handler                           0x000001ab   Thumb Code    62  port.o(.emb_text)
    HardFault_Handler                        0x000001ed   Thumb Code    24  retarget.o(.emb_text)
    __aeabi_memcpy4                          0x00000209   Thumb Code    56  rt_memcpy.o(.emb_text)
    __aeabi_memcpy8                          0x00000209   Thumb Code     0  rt_memcpy.o(.emb_text)
    Reset_Handler                            0x00000241   Thumb Code    28  startup_nano100series.o(.text)
    NMI_Handler                              0x0000025d   Thumb Code     2  startup_nano100series.o(.text)
    ADC_IRQHandler                           0x00000267   Thumb Code     0  startup_nano100series.o(.text)
    BOD_IRQHandler                           0x00000267   Thumb Code     0  startup_nano100series.o(.text)
    DAC_IRQHandler                           0x00000267   Thumb Code     0  startup_nano100series.o(.text)
    EINT0_IRQHandler                         0x00000267   Thumb Code     0  startup_nano100series.o(.text)
    EINT1_IRQHandler                         0x00000267   Thumb Code     0  startup_nano100series.o(.text)
    GPABC_IRQHandler                         0x00000267   Thumb Code     0  startup_nano100series.o(.text)
    GPDEF_IRQHandler                         0x00000267   Thumb Code     0  startup_nano100series.o(.text)
    HIRC_IRQHandler                          0x00000267   Thumb Code     0  startup_nano100series.o(.text)
    I2C0_IRQHandler                          0x00000267   Thumb Code     0  startup_nano100series.o(.text)
    I2C1_IRQHandler                          0x00000267   Thumb Code     0  startup_nano100series.o(.text)
    I2S_IRQHandler                           0x00000267   Thumb Code     0  startup_nano100series.o(.text)
    LCD_IRQHandler                           0x00000267   Thumb Code     0  startup_nano100series.o(.text)
    PDMA_IRQHandler                          0x00000267   Thumb Code     0  startup_nano100series.o(.text)
    PDWU_IRQHandler                          0x00000267   Thumb Code     0  startup_nano100series.o(.text)
    PWM0_IRQHandler                          0x00000267   Thumb Code     0  startup_nano100series.o(.text)
    PWM1_IRQHandler                          0x00000267   Thumb Code     0  startup_nano100series.o(.text)
    RTC_IRQHandler                           0x00000267   Thumb Code     0  startup_nano100series.o(.text)
    SC0_IRQHandler                           0x00000267   Thumb Code     0  startup_nano100series.o(.text)
    SC1_IRQHandler                           0x00000267   Thumb Code     0  startup_nano100series.o(.text)
    SC2_IRQHandler                           0x00000267   Thumb Code     0  startup_nano100series.o(.text)
    SPI0_IRQHandler                          0x00000267   Thumb Code     0  startup_nano100series.o(.text)
    SPI1_IRQHandler                          0x00000267   Thumb Code     0  startup_nano100series.o(.text)
    SPI2_IRQHandler                          0x00000267   Thumb Code     0  startup_nano100series.o(.text)
    TMR0_IRQHandler                          0x00000267   Thumb Code     0  startup_nano100series.o(.text)
    TMR1_IRQHandler                          0x00000267   Thumb Code     0  startup_nano100series.o(.text)
    TMR2_IRQHandler                          0x00000267   Thumb Code     0  startup_nano100series.o(.text)
    TMR3_IRQHandler                          0x00000267   Thumb Code     0  startup_nano100series.o(.text)
    USBD_IRQHandler                          0x00000267   Thumb Code     0  startup_nano100series.o(.text)
    WDT_IRQHandler                           0x00000267   Thumb Code     0  startup_nano100series.o(.text)
    __user_initial_stackheap                 0x00000269   Thumb Code     0  startup_nano100series.o(.text)
    __2printf                                0x000002a1   Thumb Code    22  noretval__2printf.o(.text)
    _printf_int_hex                          0x000002bd   Thumb Code    84  _printf_hex_int.o(.text)
    _printf_longlong_hex                     0x000002bd   Thumb Code     0  _printf_hex_int.o(.text)
    __printf                                 0x00000315   Thumb Code   270  __printf_wp.o(.text)
    __aeabi_memcpy                           0x00000423   Thumb Code   130  rt_memcpy.o(.text)
    __rt_memcpy                              0x00000423   Thumb Code     0  rt_memcpy.o(.text)
    __aeabi_memset                           0x000004a5   Thumb Code    18  aeabi_memset.o(.text)
    _memset_w                                0x000004b7   Thumb Code    26  rt_memclr.o(.text)
    _memset                                  0x000004d1   Thumb Code    30  rt_memclr.o(.text)
    __aeabi_memclr                           0x000004ef   Thumb Code     4  rt_memclr.o(.text)
    __rt_memclr                              0x000004ef   Thumb Code     0  rt_memclr.o(.text)
    __aeabi_memclr4                          0x000004f3   Thumb Code     0  rt_memclr.o(.text)
    __aeabi_memclr8                          0x000004f3   Thumb Code     0  rt_memclr.o(.text)
    __rt_memclr_w                            0x000004f3   Thumb Code     4  rt_memclr.o(.text)
    __aeabi_uidiv                            0x000004f7   Thumb Code     0  aeabi_sdiv.o(.text)
    __aeabi_uidivmod                         0x000004f7   Thumb Code    20  aeabi_sdiv.o(.text)
    __aeabi_idiv                             0x0000050b   Thumb Code     0  aeabi_sdiv.o(.text)
    __aeabi_idivmod                          0x0000050b   Thumb Code   326  aeabi_sdiv.o(.text)
    __use_two_region_memory                  0x00000651   Thumb Code     2  heapauxi.o(.text)
    __rt_heap_escrow$2region                 0x00000653   Thumb Code     2  heapauxi.o(.text)
    __rt_heap_expand$2region                 0x00000655   Thumb Code     2  heapauxi.o(.text)
    _printf_int_common                       0x00000657   Thumb Code   176  _printf_intcommon.o(.text)
    _printf_char_file                        0x00000709   Thumb Code    34  _printf_char_file.o(.text)
    _printf_char_common                      0x0000073b   Thumb Code    32  _printf_char_common.o(.text)
    __user_setup_stackheap                   0x00000761   Thumb Code    62  sys_stackheap_outer.o(.text)
    exit                                     0x0000079f   Thumb Code    16  exit.o(.text)
    __user_libspace                          0x000007b1   Thumb Code     8  libspace.o(.text)
    __user_perproc_libspace                  0x000007b1   Thumb Code     0  libspace.o(.text)
    __user_perthread_libspace                0x000007b1   Thumb Code     0  libspace.o(.text)
    _sys_exit                                0x000007b9   Thumb Code     8  sys_exit.o(.text)
    __I$use$semihosting                      0x000007c5   Thumb Code     0  use_no_semi.o(.text)
    __use_no_semihosting_swi                 0x000007c5   Thumb Code     2  use_no_semi.o(.text)
    __semihosting_library_function           0x000007c7   Thumb Code     0  indicate_semi.o(.text)
    CLK_EnableModuleClock                    0x000007c9   Thumb Code    32  clk.o(i.CLK_EnableModuleClock)
    CLK_EnableXtalRC                         0x000007ed   Thumb Code    72  clk.o(i.CLK_EnableXtalRC)
    CLK_SetHCLK                              0x00000839   Thumb Code    94  clk.o(i.CLK_SetHCLK)
    CLK_SetModuleClock                       0x0000089d   Thumb Code    94  clk.o(i.CLK_SetModuleClock)
    CLK_WaitClockReady                       0x00000901   Thumb Code    32  clk.o(i.CLK_WaitClockReady)
    FifoCount                                0x00000929   Thumb Code    22  fifo.o(i.FifoCount)
    FifoFlush                                0x0000093f   Thumb Code     8  fifo.o(i.FifoFlush)
    FifoInit                                 0x00000947   Thumb Code    12  fifo.o(i.FifoInit)
    FifoPop                                  0x00000965   Thumb Code    30  fifo.o(i.FifoPop)
    FifoPrePop                               0x00000983   Thumb Code    26  fifo.o(i.FifoPrePop)
    FifoPush                                 0x0000099d   Thumb Code    24  fifo.o(i.FifoPush)
    Hard_Fault_Handler                       0x000009b5   Thumb Code    18  retarget.o(i.Hard_Fault_Handler)
    IsFifoEmpty                              0x000009e1   Thumb Code    18  fifo.o(i.IsFifoEmpty)
    IsFifoFull                               0x000009f3   Thumb Code    26  fifo.o(i.IsFifoFull)
    SVC_Handler                              0x00000a99   Thumb Code     2  port.o(i.SVC_Handler)
    SendChar                                 0x00000abd   Thumb Code    12  retarget.o(i.SendChar)
    SendChar_ToUART                          0x00000ac9   Thumb Code    48  retarget.o(i.SendChar_ToUART)
    SysGet_HCLKFreq                          0x00000afd   Thumb Code    68  system_nano100series.o(i.SysGet_HCLKFreq)
    SysGet_PLLClockFreq                      0x00000b4d   Thumb Code   120  system_nano100series.o(i.SysGet_PLLClockFreq)
    SysTick_Handler                          0x00000bcd   Thumb Code    32  port.o(i.SysTick_Handler)
    SystemCoreClockUpdate                    0x00000bf1   Thumb Code    30  system_nano100series.o(i.SystemCoreClockUpdate)
    UART0_IRQHandler                         0x00000c1d   Thumb Code    26  osuart.o(i.UART0_IRQHandler)
    UART1_IRQHandler                         0x00000c49   Thumb Code    10  osuart.o(i.UART1_IRQHandler)
    UART_Open                                0x00000c59   Thumb Code   146  uart.o(i.UART_Open)
    __ARM_common_switch8                     0x00000cf9   Thumb Code    28  tasks.o(i.__ARM_common_switch8)
    _is_digit                                0x00000d15   Thumb Code    14  __printf_wp.o(i._is_digit)
    ferror                                   0x00000d23   Thumb Code     8  retarget.o(i.ferror)
    fputc                                    0x00000d2b   Thumb Code    16  retarget.o(i.fputc)
    init_UART0                               0x00000d7d   Thumb Code    96  osuart.o(i.init_UART0)
    main                                     0x00000de9   Thumb Code   176  main.o(i.main)
    osFree                                   0x00000f61   Thumb Code    16  osutility.o(i.osFree)
    osMalloc                                 0x00000f71   Thumb Code    24  osutility.o(i.osMalloc)
    osMessageSend                            0x00000fa1   Thumb Code    18  main.o(i.osMessageSend)
    osUartInit                               0x00000fb9   Thumb Code    70  osuart.o(i.osUartInit)
    pvPortMalloc                             0x00001a01   Thumb Code   300  heap_4.o(i.pvPortMalloc)
    pvTaskIncrementMutexHeldCount            0x00001b45   Thumb Code    28  tasks.o(i.pvTaskIncrementMutexHeldCount)
    pxPortInitialiseStack                    0x00001b65   Thumb Code    26  port.o(i.pxPortInitialiseStack)
    stackDump                                0x00001b85   Thumb Code    70  retarget.o(i.stackDump)
    uart0Send                                0x00001c49   Thumb Code    26  osuart.o(i.uart0Send)
    uxListRemove                             0x00001ed5   Thumb Code    40  list.o(i.uxListRemove)
    vListInitialise                          0x00001efd   Thumb Code    26  list.o(i.vListInitialise)
    vListInitialiseItem                      0x00001f17   Thumb Code     6  list.o(i.vListInitialiseItem)
    vListInsert                              0x00001f1d   Thumb Code    54  list.o(i.vListInsert)
    vPortEnterCritical                       0x00001f55   Thumb Code    22  port.o(i.vPortEnterCritical)
    vPortExitCritical                        0x00001f71   Thumb Code    36  port.o(i.vPortExitCritical)
    vPortFree                                0x00001f99   Thumb Code   130  heap_4.o(i.vPortFree)
    vPortSetupTimerInterrupt                 0x00002029   Thumb Code    34  port.o(i.vPortSetupTimerInterrupt)
    vPortYield                               0x00002055   Thumb Code    18  port.o(i.vPortYield)
    vQueueAddToRegistry                      0x0000206d   Thumb Code    80  queue.o(i.vQueueAddToRegistry)
    vQueueWaitForMessageRestricted           0x000020c1   Thumb Code    76  queue.o(i.vQueueWaitForMessageRestricted)
    vTaskInternalSetTimeOutState             0x0000210d   Thumb Code    14  tasks.o(i.vTaskInternalSetTimeOutState)
    vTaskMissedYield                         0x00002125   Thumb Code     8  tasks.o(i.vTaskMissedYield)
    vTaskPlaceOnEventList                    0x00002131   Thumb Code    38  tasks.o(i.vTaskPlaceOnEventList)
    vTaskPlaceOnEventListRestricted          0x0000215d   Thumb Code    82  tasks.o(i.vTaskPlaceOnEventListRestricted)
    vTaskPriorityDisinheritAfterTimeout      0x000021b5   Thumb Code   210  tasks.o(i.vTaskPriorityDisinheritAfterTimeout)
    vTaskStartScheduler                      0x00002295   Thumb Code    94  tasks.o(i.vTaskStartScheduler)
    vTaskSuspendAll                          0x00002315   Thumb Code    12  tasks.o(i.vTaskSuspendAll)
    vTaskSwitchContext                       0x00002325   Thumb Code   108  tasks.o(i.vTaskSwitchContext)
    xPortStartScheduler                      0x000023a5   Thumb Code    48  port.o(i.xPortStartScheduler)
    xQueueCreateCountingSemaphore            0x000023dd   Thumb Code    50  queue.o(i.xQueueCreateCountingSemaphore)
    xQueueGenericCreate                      0x0000240f   Thumb Code    98  queue.o(i.xQueueGenericCreate)
    xQueueGenericReset                       0x00002471   Thumb Code   182  queue.o(i.xQueueGenericReset)
    xQueueGenericSend                        0x00002527   Thumb Code   346  queue.o(i.xQueueGenericSend)
    xQueueGenericSendFromISR                 0x00002681   Thumb Code   202  queue.o(i.xQueueGenericSendFromISR)
    xQueueGiveFromISR                        0x0000274b   Thumb Code   192  queue.o(i.xQueueGiveFromISR)
    xQueueReceive                            0x0000280b   Thumb Code   312  queue.o(i.xQueueReceive)
    xQueueSemaphoreTake                      0x00002943   Thumb Code   382  queue.o(i.xQueueSemaphoreTake)
    xTaskCheckForTimeOut                     0x00002ac1   Thumb Code   110  tasks.o(i.xTaskCheckForTimeOut)
    xTaskCreate                              0x00002b39   Thumb Code    92  tasks.o(i.xTaskCreate)
    xTaskGetSchedulerState                   0x00002b95   Thumb Code    28  tasks.o(i.xTaskGetSchedulerState)
    xTaskGetTickCount                        0x00002bb9   Thumb Code     6  tasks.o(i.xTaskGetTickCount)
    xTaskIncrementTick                       0x00002bc5   Thumb Code   380  tasks.o(i.xTaskIncrementTick)
    xTaskPriorityDisinherit                  0x00002d6d   Thumb Code   168  tasks.o(i.xTaskPriorityDisinherit)
    xTaskPriorityInherit                     0x00002e21   Thumb Code   194  tasks.o(i.xTaskPriorityInherit)
    xTaskRemoveFromEventList                 0x00002ef1   Thumb Code   240  tasks.o(i.xTaskRemoveFromEventList)
    xTaskResumeAll                           0x00002ff9   Thumb Code   314  tasks.o(i.xTaskResumeAll)
    xTimerCreate                             0x00003155   Thumb Code    50  timers.o(i.xTimerCreate)
    xTimerCreateTimerTask                    0x00003189   Thumb Code    52  timers.o(i.xTimerCreateTimerTask)
    xTimerGenericCommand                     0x000031d1   Thumb Code   110  timers.o(i.xTimerGenericCommand)
    Region$$Table$$Base                      0x0000329c   Number         0  anon$$obj.o(Region$$Table)
    Region$$Table$$Limit                     0x000032bc   Number         0  anon$$obj.o(Region$$Table)
    osMessageQueue                           0x20000000   Data           4  main.o(.data)
    stateCheckTimerHandle                    0x20000004   Data           4  main.o(.data)
    mainTaskArg                              0x20000008   Data           1  main.o(.data)
    uartTimerHandle                          0x2000000c   Data           4  osuart.o(.data)
    uartSem                                  0x20000010   Data           4  osuart.o(.data)
    uartTaskArg                              0x20000014   Data           1  osuart.o(.data)
    pxCurrentTCB                             0x2000001c   Data           4  tasks.o(.data)
    uxTopUsedPriority                        0x20000054   Data           4  tasks.o(.data)
    __stdout                                 0x20000094   Data           4  retarget.o(.data)
    __stdin                                  0x20000098   Data           4  retarget.o(.data)
    SystemCoreClock                          0x2000009c   Data           4  system_nano100series.o(.data)
    CyclesPerUs                              0x200000a0   Data           4  system_nano100series.o(.data)
    fifoBuffer                               0x200000a4   Data          12  osuart.o(.bss)
    uartData                                 0x200000b0   Data         800  osuart.o(.bss)
    uartFifoBuffer                           0x200003d0   Data         800  osuart.o(.bss)
    xQueueRegistry                           0x200006f0   Data          64  queue.o(.bss)
    __libspace_start                         0x20002184   Data          96  libspace.o(.bss)
    __temporary_stack_top$libspace           0x200021e4   Data           0  libspace.o(.bss)



==============================================================================

Memory Map of the image

  Image Entry point : 0x00000241

  Load Region LR_1 (Base: 0x00000000, Size: 0x00003360, Max: 0xffffffff, ABSOLUTE)

    Execution Region ER_RO (Base: 0x00000000, Size: 0x000032bc, Max: 0xffffffff, ABSOLUTE)

    Base Addr    Size         Type   Attr      Idx    E Section Name        Object

    0x00000000   0x000000c0   Data   RO         2146    RESET               startup_nano100series.o
    0x000000c0   0x00000008   Code   RO         2258  * !!!main             c_p.l(__main.o)
    0x000000c8   0x0000003c   Code   RO         2440    !!!scatter          c_p.l(__scatter.o)
    0x00000104   0x0000001a   Code   RO         2442    !!handler_copy      c_p.l(__scatter_copy.o)
    0x0000011e   0x00000002   PAD
    0x00000120   0x0000001c   Code   RO         2444    !!handler_zi        c_p.l(__scatter_zi.o)
    0x0000013c   0x00000002   Code   RO         2241    .ARM.Collect$$_printf_percent$$00000000  c_p.l(_printf_percent.o)
    0x0000013e   0x0000000a   Code   RO         2240    .ARM.Collect$$_printf_percent$$0000000C  c_p.l(_printf_x.o)
    0x00000148   0x00000004   Code   RO         2271    .ARM.Collect$$_printf_percent$$00000017  c_p.l(_printf_percent_end.o)
    0x0000014c   0x00000002   Code   RO         2311    .ARM.Collect$$libinit$$00000000  c_p.l(libinit.o)
    0x0000014e   0x00000000   Code   RO         2325    .ARM.Collect$$libinit$$00000002  c_p.l(libinit2.o)
    0x0000014e   0x00000000   Code   RO         2327    .ARM.Collect$$libinit$$00000004  c_p.l(libinit2.o)
    0x0000014e   0x00000000   Code   RO         2330    .ARM.Collect$$libinit$$0000000A  c_p.l(libinit2.o)
    0x0000014e   0x00000000   Code   RO         2332    .ARM.Collect$$libinit$$0000000C  c_p.l(libinit2.o)
    0x0000014e   0x00000000   Code   RO         2334    .ARM.Collect$$libinit$$0000000E  c_p.l(libinit2.o)
    0x0000014e   0x00000000   Code   RO         2337    .ARM.Collect$$libinit$$00000011  c_p.l(libinit2.o)
    0x0000014e   0x00000000   Code   RO         2339    .ARM.Collect$$libinit$$00000013  c_p.l(libinit2.o)
    0x0000014e   0x00000000   Code   RO         2341    .ARM.Collect$$libinit$$00000015  c_p.l(libinit2.o)
    0x0000014e   0x00000000   Code   RO         2343    .ARM.Collect$$libinit$$00000017  c_p.l(libinit2.o)
    0x0000014e   0x00000000   Code   RO         2345    .ARM.Collect$$libinit$$00000019  c_p.l(libinit2.o)
    0x0000014e   0x00000000   Code   RO         2347    .ARM.Collect$$libinit$$0000001B  c_p.l(libinit2.o)
    0x0000014e   0x00000000   Code   RO         2349    .ARM.Collect$$libinit$$0000001D  c_p.l(libinit2.o)
    0x0000014e   0x00000000   Code   RO         2351    .ARM.Collect$$libinit$$0000001F  c_p.l(libinit2.o)
    0x0000014e   0x00000000   Code   RO         2353    .ARM.Collect$$libinit$$00000021  c_p.l(libinit2.o)
    0x0000014e   0x00000000   Code   RO         2355    .ARM.Collect$$libinit$$00000023  c_p.l(libinit2.o)
    0x0000014e   0x00000000   Code   RO         2357    .ARM.Collect$$libinit$$00000025  c_p.l(libinit2.o)
    0x0000014e   0x00000000   Code   RO         2361    .ARM.Collect$$libinit$$0000002C  c_p.l(libinit2.o)
    0x0000014e   0x00000000   Code   RO         2363    .ARM.Collect$$libinit$$0000002E  c_p.l(libinit2.o)
    0x0000014e   0x00000000   Code   RO         2365    .ARM.Collect$$libinit$$00000030  c_p.l(libinit2.o)
    0x0000014e   0x00000000   Code   RO         2367    .ARM.Collect$$libinit$$00000032  c_p.l(libinit2.o)
    0x0000014e   0x00000002   Code   RO         2368    .ARM.Collect$$libinit$$00000033  c_p.l(libinit2.o)
    0x00000150   0x00000002   Code   RO         2397    .ARM.Collect$$libshutdown$$00000000  c_p.l(libshutdown.o)
    0x00000152   0x00000000   Code   RO         2423    .ARM.Collect$$libshutdown$$00000002  c_p.l(libshutdown2.o)
    0x00000152   0x00000000   Code   RO         2425    .ARM.Collect$$libshutdown$$00000004  c_p.l(libshutdown2.o)
    0x00000152   0x00000000   Code   RO         2428    .ARM.Collect$$libshutdown$$00000007  c_p.l(libshutdown2.o)
    0x00000152   0x00000000   Code   RO         2431    .ARM.Collect$$libshutdown$$0000000A  c_p.l(libshutdown2.o)
    0x00000152   0x00000000   Code   RO         2433    .ARM.Collect$$libshutdown$$0000000C  c_p.l(libshutdown2.o)
    0x00000152   0x00000000   Code   RO         2436    .ARM.Collect$$libshutdown$$0000000F  c_p.l(libshutdown2.o)
    0x00000152   0x00000002   Code   RO         2437    .ARM.Collect$$libshutdown$$00000010  c_p.l(libshutdown2.o)
    0x00000154   0x00000000   Code   RO         2260    .ARM.Collect$$rtentry$$00000000  c_p.l(__rtentry.o)
    0x00000154   0x00000000   Code   RO         2273    .ARM.Collect$$rtentry$$00000002  c_p.l(__rtentry2.o)
    0x00000154   0x00000006   Code   RO         2285    .ARM.Collect$$rtentry$$00000004  c_p.l(__rtentry4.o)
    0x0000015a   0x00000000   Code   RO         2275    .ARM.Collect$$rtentry$$00000009  c_p.l(__rtentry2.o)
    0x0000015a   0x00000004   Code   RO         2276    .ARM.Collect$$rtentry$$0000000A  c_p.l(__rtentry2.o)
    0x0000015e   0x00000000   Code   RO         2278    .ARM.Collect$$rtentry$$0000000C  c_p.l(__rtentry2.o)
    0x0000015e   0x00000008   Code   RO         2279    .ARM.Collect$$rtentry$$0000000D  c_p.l(__rtentry2.o)
    0x00000166   0x00000002   Code   RO         2316    .ARM.Collect$$rtexit$$00000000  c_p.l(rtexit.o)
    0x00000168   0x00000000   Code   RO         2372    .ARM.Collect$$rtexit$$00000002  c_p.l(rtexit2.o)
    0x00000168   0x00000004   Code   RO         2373    .ARM.Collect$$rtexit$$00000003  c_p.l(rtexit2.o)
    0x0000016c   0x00000006   Code   RO         2374    .ARM.Collect$$rtexit$$00000004  c_p.l(rtexit2.o)
    0x00000172   0x00000002   PAD
    0x00000174   0x00000078   Code   RO         1447    .emb_text           port.o
    0x000001ec   0x0000001c   Code   RO         2055    .emb_text           retarget.o
    0x00000208   0x00000038   Code   RO         2242    .emb_text           c_p.l(rt_memcpy.o)
    0x00000240   0x00000060   Code   RO         2147  * .text               startup_nano100series.o
    0x000002a0   0x0000001c   Code   RO         2195    .text               c_p.l(noretval__2printf.o)
    0x000002bc   0x00000058   Code   RO         2202    .text               c_p.l(_printf_hex_int.o)
    0x00000314   0x0000010e   Code   RO         2228    .text               c_p.l(__printf_wp.o)
    0x00000422   0x00000082   Code   RO         2243    .text               c_p.l(rt_memcpy.o)
    0x000004a4   0x00000012   Code   RO         2248    .text               c_p.l(aeabi_memset.o)
    0x000004b6   0x00000040   Code   RO         2250    .text               c_p.l(rt_memclr.o)
    0x000004f6   0x0000015a   Code   RO         2252    .text               c_p.l(aeabi_sdiv.o)
    0x00000650   0x00000006   Code   RO         2256    .text               c_p.l(heapauxi.o)
    0x00000656   0x000000b0   Code   RO         2267    .text               c_p.l(_printf_intcommon.o)
    0x00000706   0x00000002   PAD
    0x00000708   0x00000028   Code   RO         2269    .text               c_p.l(_printf_char_file.o)
    0x00000730   0x00000030   Code   RO         2293    .text               c_p.l(_printf_char_common.o)
    0x00000760   0x0000003e   Code   RO         2295    .text               c_p.l(sys_stackheap_outer.o)
    0x0000079e   0x00000010   Code   RO         2300    .text               c_p.l(exit.o)
    0x000007ae   0x00000002   PAD
    0x000007b0   0x00000008   Code   RO         2312    .text               c_p.l(libspace.o)
    0x000007b8   0x0000000c   Code   RO         2369    .text               c_p.l(sys_exit.o)
    0x000007c4   0x00000002   Code   RO         2386    .text               c_p.l(use_no_semi.o)
    0x000007c6   0x00000000   Code   RO         2388    .text               c_p.l(indicate_semi.o)
    0x000007c6   0x00000002   PAD
    0x000007c8   0x00000024   Code   RO         1581    i.CLK_EnableModuleClock  clk.o
    0x000007ec   0x0000004c   Code   RO         1584    i.CLK_EnableXtalRC  clk.o
    0x00000838   0x00000064   Code   RO         1593    i.CLK_SetHCLK       clk.o
    0x0000089c   0x00000064   Code   RO         1594    i.CLK_SetModuleClock  clk.o
    0x00000900   0x00000028   Code   RO         1596    i.CLK_WaitClockReady  clk.o
    0x00000928   0x00000016   Code   RO          356    i.FifoCount         fifo.o
    0x0000093e   0x00000008   Code   RO          357    i.FifoFlush         fifo.o
    0x00000946   0x0000000c   Code   RO          358    i.FifoInit          fifo.o
    0x00000952   0x00000012   Code   RO          359    i.FifoNext          fifo.o
    0x00000964   0x0000001e   Code   RO          360    i.FifoPop           fifo.o
    0x00000982   0x0000001a   Code   RO          361    i.FifoPrePop        fifo.o
    0x0000099c   0x00000018   Code   RO          362    i.FifoPush          fifo.o
    0x000009b4   0x0000002c   Code   RO         2057    i.Hard_Fault_Handler  retarget.o
    0x000009e0   0x00000012   Code   RO          363    i.IsFifoEmpty       fifo.o
    0x000009f2   0x0000001a   Code   RO          364    i.IsFifoFull        fifo.o
    0x00000a0c   0x00000014   Code   RO          201    i.NVIC_EnableIRQ    osuart.o
    0x00000a20   0x00000078   Code   RO            3    i.NVIC_SetPriority  main.o
    0x00000a98   0x00000002   Code   RO         1448    i.SVC_Handler       port.o
    0x00000a9a   0x00000002   PAD
    0x00000a9c   0x00000020   Code   RO          202    i.SYS_UnlockReg     osuart.o
    0x00000abc   0x0000000c   Code   RO         2059    i.SendChar          retarget.o
    0x00000ac8   0x00000034   Code   RO         2060    i.SendChar_ToUART   retarget.o
    0x00000afc   0x00000050   Code   RO         2153    i.SysGet_HCLKFreq   system_nano100series.o
    0x00000b4c   0x00000080   Code   RO         2154    i.SysGet_PLLClockFreq  system_nano100series.o
    0x00000bcc   0x00000024   Code   RO         1449    i.SysTick_Handler   port.o
    0x00000bf0   0x0000002c   Code   RO         2155    i.SystemCoreClockUpdate  system_nano100series.o
    0x00000c1c   0x0000002c   Code   RO          203    i.UART0_IRQHandler  osuart.o
    0x00000c48   0x00000010   Code   RO          204    i.UART1_IRQHandler  osuart.o
    0x00000c58   0x000000a0   Code   RO         1938    i.UART_Open         uart.o
    0x00000cf8   0x0000001c   Code   RO         1285    i.__ARM_common_switch8  tasks.o
    0x00000d14   0x0000000e   Code   RO         2230    i._is_digit         c_p.l(__printf_wp.o)
    0x00000d22   0x00000008   Code   RO         2062    i.ferror            retarget.o
    0x00000d2a   0x00000010   Code   RO         2064    i.fputc             retarget.o
    0x00000d3a   0x00000002   PAD
    0x00000d3c   0x00000040   Code   RO            4    i.init_HCLK         main.o
    0x00000d7c   0x0000006c   Code   RO          205    i.init_UART0        osuart.o
    0x00000de8   0x000000ec   Code   RO            5    i.main              main.o
    0x00000ed4   0x0000008c   Code   RO            6    i.mainTask          main.o
    0x00000f60   0x00000010   Code   RO          297    i.osFree            osutility.o
    0x00000f70   0x00000018   Code   RO          298    i.osMalloc          osutility.o
    0x00000f88   0x00000018   Code   RO            7    i.osMessageInit     main.o
    0x00000fa0   0x00000018   Code   RO            8    i.osMessageSend     main.o
    0x00000fb8   0x00000080   Code   RO          207    i.osUartInit        osuart.o
    0x00001038   0x000000a4   Code   RO          931    i.prvAddCurrentTaskToDelayedList  tasks.o
    0x000010dc   0x000000d8   Code   RO          932    i.prvAddNewTaskToReadyList  tasks.o
    0x000011b4   0x00000068   Code   RO         1297    i.prvCheckForValidListAndQueue  timers.o
    0x0000121c   0x00000048   Code   RO          933    i.prvCheckTasksWaitingTermination  tasks.o
    0x00001264   0x0000002c   Code   RO          554    i.prvCopyDataFromQueue  queue.o
    0x00001290   0x00000080   Code   RO          555    i.prvCopyDataToQueue  queue.o
    0x00001310   0x00000012   Code   RO          934    i.prvDeleteTCB      tasks.o
    0x00001322   0x00000016   Code   RO          556    i.prvGetDisinheritPriorityAfterTimeout  queue.o
    0x00001338   0x0000002c   Code   RO         1298    i.prvGetNextExpireTime  timers.o
    0x00001364   0x00000080   Code   RO         1518    i.prvHeapInit       heap_4.o
    0x000013e4   0x00000018   Code   RO          935    i.prvIdleTask       tasks.o
    0x000013fc   0x0000002c   Code   RO          558    i.prvInitialiseNewQueue  queue.o
    0x00001428   0x000000ce   Code   RO          936    i.prvInitialiseNewTask  tasks.o
    0x000014f6   0x0000004a   Code   RO         1299    i.prvInitialiseNewTimer  timers.o
    0x00001540   0x00000064   Code   RO          937    i.prvInitialiseTaskLists  tasks.o
    0x000015a4   0x00000068   Code   RO         1519    i.prvInsertBlockIntoFreeList  heap_4.o
    0x0000160c   0x00000054   Code   RO         1300    i.prvInsertTimerInActiveList  timers.o
    0x00001660   0x0000001c   Code   RO          559    i.prvIsQueueEmpty   queue.o
    0x0000167c   0x0000001e   Code   RO          560    i.prvIsQueueFull    queue.o
    0x0000169a   0x00000002   PAD
    0x0000169c   0x00000044   Code   RO         1301    i.prvProcessExpiredTimer  timers.o
    0x000016e0   0x0000011c   Code   RO         1302    i.prvProcessReceivedCommands  timers.o
    0x000017fc   0x0000006c   Code   RO         1303    i.prvProcessTimerOrBlockTask  timers.o
    0x00001868   0x00000028   Code   RO         1304    i.prvReloadTimer    timers.o
    0x00001890   0x00000034   Code   RO          939    i.prvResetNextTaskUnblockTime  tasks.o
    0x000018c4   0x0000002c   Code   RO         1305    i.prvSampleTimeNow  timers.o
    0x000018f0   0x00000044   Code   RO         1306    i.prvSwitchTimerLists  timers.o
    0x00001934   0x00000024   Code   RO         1450    i.prvTaskExitError  port.o
    0x00001958   0x0000001a   Code   RO         1307    i.prvTimerTask      timers.o
    0x00001972   0x0000008e   Code   RO          561    i.prvUnlockQueue    queue.o
    0x00001a00   0x00000144   Code   RO         1520    i.pvPortMalloc      heap_4.o
    0x00001b44   0x00000020   Code   RO          942    i.pvTaskIncrementMutexHeldCount  tasks.o
    0x00001b64   0x00000020   Code   RO         1451    i.pxPortInitialiseStack  port.o
    0x00001b84   0x000000a8   Code   RO         2066    i.stackDump         retarget.o
    0x00001c2c   0x0000001c   Code   RO            9    i.stateCheckTimerCb  main.o
    0x00001c48   0x00000020   Code   RO          208    i.uart0Send         osuart.o
    0x00001c68   0x00000174   Code   RO          210    i.uartParser        osuart.o
    0x00001ddc   0x00000090   Code   RO          211    i.uartParserRun     osuart.o
    0x00001e6c   0x0000002c   Code   RO          212    i.uartTask          osuart.o
    0x00001e98   0x0000003c   Code   RO          213    i.uartTimerCb       osuart.o
    0x00001ed4   0x00000028   Code   RO          517    i.uxListRemove      list.o
    0x00001efc   0x0000001a   Code   RO          518    i.vListInitialise   list.o
    0x00001f16   0x00000006   Code   RO          519    i.vListInitialiseItem  list.o
    0x00001f1c   0x00000036   Code   RO          520    i.vListInsert       list.o
    0x00001f52   0x00000002   PAD
    0x00001f54   0x0000001c   Code   RO         1453    i.vPortEnterCritical  port.o
    0x00001f70   0x00000028   Code   RO         1454    i.vPortExitCritical  port.o
    0x00001f98   0x00000090   Code   RO         1521    i.vPortFree         heap_4.o
    0x00002028   0x0000002c   Code   RO         1455    i.vPortSetupTimerInterrupt  port.o
    0x00002054   0x00000018   Code   RO         1456    i.vPortYield        port.o
    0x0000206c   0x00000054   Code   RO          567    i.vQueueAddToRegistry  queue.o
    0x000020c0   0x0000004c   Code   RO          571    i.vQueueWaitForMessageRestricted  queue.o
    0x0000210c   0x00000018   Code   RO          956    i.vTaskInternalSetTimeOutState  tasks.o
    0x00002124   0x0000000c   Code   RO          957    i.vTaskMissedYield  tasks.o
    0x00002130   0x0000002c   Code   RO          958    i.vTaskPlaceOnEventList  tasks.o
    0x0000215c   0x00000058   Code   RO          959    i.vTaskPlaceOnEventListRestricted  tasks.o
    0x000021b4   0x000000e0   Code   RO          961    i.vTaskPriorityDisinheritAfterTimeout  tasks.o
    0x00002294   0x00000080   Code   RO          967    i.vTaskStartScheduler  tasks.o
    0x00002314   0x00000010   Code   RO          969    i.vTaskSuspendAll   tasks.o
    0x00002324   0x00000080   Code   RO          970    i.vTaskSwitchContext  tasks.o
    0x000023a4   0x00000038   Code   RO         1457    i.xPortStartScheduler  port.o
    0x000023dc   0x00000032   Code   RO          572    i.xQueueCreateCountingSemaphore  queue.o
    0x0000240e   0x00000062   Code   RO          574    i.xQueueGenericCreate  queue.o
    0x00002470   0x000000b6   Code   RO          575    i.xQueueGenericReset  queue.o
    0x00002526   0x0000015a   Code   RO          576    i.xQueueGenericSend  queue.o
    0x00002680   0x000000ca   Code   RO          577    i.xQueueGenericSendFromISR  queue.o
    0x0000274a   0x000000c0   Code   RO          578    i.xQueueGiveFromISR  queue.o
    0x0000280a   0x00000138   Code   RO          584    i.xQueueReceive     queue.o
    0x00002942   0x0000017e   Code   RO          586    i.xQueueSemaphoreTake  queue.o
    0x00002ac0   0x00000078   Code   RO          972    i.xTaskCheckForTimeOut  tasks.o
    0x00002b38   0x0000005c   Code   RO          973    i.xTaskCreate       tasks.o
    0x00002b94   0x00000024   Code   RO          980    i.xTaskGetSchedulerState  tasks.o
    0x00002bb8   0x0000000c   Code   RO          981    i.xTaskGetTickCount  tasks.o
    0x00002bc4   0x000001a8   Code   RO          983    i.xTaskIncrementTick  tasks.o
    0x00002d6c   0x000000b4   Code   RO          984    i.xTaskPriorityDisinherit  tasks.o
    0x00002e20   0x000000d0   Code   RO          985    i.xTaskPriorityInherit  tasks.o
    0x00002ef0   0x00000108   Code   RO          986    i.xTaskRemoveFromEventList  tasks.o
    0x00002ff8   0x0000015c   Code   RO          987    i.xTaskResumeAll    tasks.o
    0x00003154   0x00000032   Code   RO         1314    i.xTimerCreate      timers.o
    0x00003186   0x00000002   PAD
    0x00003188   0x00000048   Code   RO         1315    i.xTimerCreateTimerTask  timers.o
    0x000031d0   0x00000074   Code   RO         1316    i.xTimerGenericCommand  timers.o
    0x00003244   0x00000030   Data   RO         1946    .constdata          uart.o
    0x00003274   0x00000028   Data   RO         2203    .constdata          c_p.l(_printf_hex_int.o)
    0x0000329c   0x00000020   Data   RO         2438    Region$$Table       anon$$obj.o


    Execution Region ER_RW (Base: 0x20000000, Size: 0x000000a4, Max: 0xffffffff, ABSOLUTE)

    Base Addr    Size         Type   Attr      Idx    E Section Name        Object

    0x20000000   0x0000000a   Data   RW           10    .data               main.o
    0x2000000a   0x00000002   PAD
    0x2000000c   0x00000010   Data   RW          215    .data               osuart.o
    0x2000001c   0x00000040   Data   RW          990    .data               tasks.o
    0x2000005c   0x00000014   Data   RW         1322    .data               timers.o
    0x20000070   0x00000004   Data   RW         1458    .data               port.o
    0x20000074   0x00000020   Data   RW         1527    .data               heap_4.o
    0x20000094   0x00000008   Data   RW         2067    .data               retarget.o
    0x2000009c   0x00000008   Data   RW         2156    .data               system_nano100series.o


    Execution Region ER_ZI (Base: 0x200000a4, Size: 0x00002b44, Max: 0xffffffff, ABSOLUTE)

    Base Addr    Size         Type   Attr      Idx    E Section Name        Object

    0x200000a4   0x0000064c   Zero   RW          214    .bss                osuart.o
    0x200006f0   0x00000040   Zero   RW          588    .bss                queue.o
    0x20000730   0x000000c8   Zero   RW          989    .bss                tasks.o
    0x200007f8   0x00000028   Zero   RW         1321    .bss                timers.o
    0x20000820   0x00001964   Zero   RW         1526    .bss                heap_4.o
    0x20002184   0x00000060   Zero   RW         2313    .bss                c_p.l(libspace.o)
    0x200021e4   0x00000004   PAD
    0x200021e8   0x00000500   Zero   RW         2145    HEAP                startup_nano100series.o
    0x200026e8   0x00000500   Zero   RW         2144    STACK               startup_nano100series.o


==============================================================================

Image component sizes


      Code (inc. data)   RO Data    RW Data    ZI Data      Debug   Object Name

       352         28          0          0          0       3151   clk.o
         0          0          0          0          0        984   event_groups.o
       184          0          0          0          0       4344   fifo.o
       700         76          0         32       6500       3915   heap_4.o
       126          0          0          0          0       2349   list.o
       636        120          0         10          0     176150   main.o
      1000        144          0         16       1612      40873   osuart.o
        40          0          0          0          0     113724   osutility.o
       418         58          0          4          0       5995   port.o
      2362          4          0          0         64      18212   queue.o
       328        132          0          8          0       5161   retarget.o
        96         46        192          0       2560        632   startup_nano100series.o
       252         34          0          8          0       2182   system_nano100series.o
      3260        360          0         64        200      26784   tasks.o
      1182        108          0         20         40      12570   timers.o
       160         14         48          0          0       1308   uart.o

    ----------------------------------------------------------------------
     11106       1124        272        164      10976     418334   Object Totals
         0          0         32          0          0          0   (incl. Generated)
        10          0          0          2          0          0   (incl. Padding)

    ----------------------------------------------------------------------

      Code (inc. data)   RO Data    RW Data    ZI Data      Debug   Library Member Name

         8          0          0          0          0         68   __main.o
       284          0          0          0          0        136   __printf_wp.o
         0          0          0          0          0          0   __rtentry.o
        12          0          0          0          0          0   __rtentry2.o
         6          0          0          0          0          0   __rtentry4.o
        60          8          0          0          0          0   __scatter.o
        26          0          0          0          0          0   __scatter_copy.o
        28          0          0          0          0          0   __scatter_zi.o
        48          6          0          0          0         88   _printf_char_common.o
        40          6          0          0          0         72   _printf_char_file.o
        88          4         40          0          0         72   _printf_hex_int.o
       176          0          0          0          0         84   _printf_intcommon.o
         2          0          0          0          0          0   _printf_percent.o
         4          0          0          0          0          0   _printf_percent_end.o
        10          0          0          0          0          0   _printf_x.o
        18          0          0          0          0         68   aeabi_memset.o
       346          0          0          0          0         92   aeabi_sdiv.o
        16          0          0          0          0         68   exit.o
         6          0          0          0          0        136   heapauxi.o
         0          0          0          0          0          0   indicate_semi.o
         2          0          0          0          0          0   libinit.o
         2          0          0          0          0          0   libinit2.o
         2          0          0          0          0          0   libshutdown.o
         2          0          0          0          0          0   libshutdown2.o
         8          4          0          0         96         68   libspace.o
        28          6          0          0          0         84   noretval__2printf.o
        64          0          0          0          0        108   rt_memclr.o
       186          0          0          0          0        144   rt_memcpy.o
         2          0          0          0          0          0   rtexit.o
        10          0          0          0          0          0   rtexit2.o
        12          4          0          0          0         60   sys_exit.o
        62          0          0          0          0         80   sys_stackheap_outer.o
         2          0          0          0          0         68   use_no_semi.o

    ----------------------------------------------------------------------
      1570         38         40          0        100       1496   Library Totals
        10          0          0          0          4          0   (incl. Padding)

    ----------------------------------------------------------------------

      Code (inc. data)   RO Data    RW Data    ZI Data      Debug   Library Name

      1560         38         40          0         96       1496   c_p.l

    ----------------------------------------------------------------------
      1570         38         40          0        100       1496   Library Totals

    ----------------------------------------------------------------------

==============================================================================


      Code (inc. data)   RO Data    RW Data    ZI Data      Debug   

     12676       1162        312        164      11076     413986   Grand Totals
     12676       1162        312        164      11076     413986   ELF Image Totals
     12676       1162        312        164          0          0   ROM Totals

==============================================================================

    Total RO  Size (Code + RO Data)                12988 (  12.68kB)
    Total RW  Size (RW Data + ZI Data)             11240 (  10.98kB)
    Total ROM Size (Code + RO Data + RW Data)      13152 (  12.84kB)

==============================================================================

